Archive member included to satisfy reference by file (symbol)

C:/MaximSDK/Libraries/PeriphDrivers/bin/MAX32665/softfp/libPeriphDriver_softfp.a(mxc_delay.o)
                              c:/Users/mkurt2/Desktop/UART/build/startup_max32665.o (SysTick_Handler)
C:/MaximSDK/Libraries/PeriphDrivers/bin/MAX32665/softfp/libPeriphDriver_softfp.a(nvic_table.o)
                              c:/Users/mkurt2/Desktop/UART/build/main.o (MXC_NVIC_SetVector)
C:/MaximSDK/Libraries/PeriphDrivers/bin/MAX32665/softfp/libPeriphDriver_softfp.a(sys_me14.o)
                              c:/Users/mkurt2/Desktop/UART/build/system_max32665.o (MXC_SYS_ClockEnable)
C:/MaximSDK/Libraries/PeriphDrivers/bin/MAX32665/softfp/libPeriphDriver_softfp.a(flc_me14.o)
                              C:/MaximSDK/Libraries/PeriphDrivers/bin/MAX32665/softfp/libPeriphDriver_softfp.a(sys_me14.o) (MXC_FLC_UnlockInfoBlock)
C:/MaximSDK/Libraries/PeriphDrivers/bin/MAX32665/softfp/libPeriphDriver_softfp.a(flc_reva.o)
                              C:/MaximSDK/Libraries/PeriphDrivers/bin/MAX32665/softfp/libPeriphDriver_softfp.a(flc_me14.o) (MXC_FLC_RevA_Busy)
C:/MaximSDK/Libraries/PeriphDrivers/bin/MAX32665/softfp/libPeriphDriver_softfp.a(gpio_me14.o)
                              c:/Users/mkurt2/Desktop/UART/build/pb.o (MXC_GPIO_InGet)
C:/MaximSDK/Libraries/PeriphDrivers/bin/MAX32665/softfp/libPeriphDriver_softfp.a(gpio_reva.o)
                              C:/MaximSDK/Libraries/PeriphDrivers/bin/MAX32665/softfp/libPeriphDriver_softfp.a(gpio_me14.o) (MXC_GPIO_RevA_InGet)
C:/MaximSDK/Libraries/PeriphDrivers/bin/MAX32665/softfp/libPeriphDriver_softfp.a(rtc_me14.o)
                              c:/Users/mkurt2/Desktop/UART/build/main.o (MXC_RTC_Start)
C:/MaximSDK/Libraries/PeriphDrivers/bin/MAX32665/softfp/libPeriphDriver_softfp.a(rtc_reva.o)
                              C:/MaximSDK/Libraries/PeriphDrivers/bin/MAX32665/softfp/libPeriphDriver_softfp.a(rtc_me14.o) (MXC_RTC_RevA_GetBusyFlag)
C:/MaximSDK/Libraries/PeriphDrivers/bin/MAX32665/softfp/libPeriphDriver_softfp.a(spixf_me14.o)
                              c:/Users/mkurt2/Desktop/UART/build/board.o (MXC_SPIXF_Init)
C:/MaximSDK/Libraries/PeriphDrivers/bin/MAX32665/softfp/libPeriphDriver_softfp.a(spixf_reva.o)
                              C:/MaximSDK/Libraries/PeriphDrivers/bin/MAX32665/softfp/libPeriphDriver_softfp.a(spixf_me14.o) (MXC_SPIXF_RevA_AbortAsync)
C:/MaximSDK/Libraries/PeriphDrivers/bin/MAX32665/softfp/libPeriphDriver_softfp.a(tmr_me14.o)
                              C:/MaximSDK/Libraries/PeriphDrivers/bin/MAX32665/softfp/libPeriphDriver_softfp.a(rtc_me14.o) (MXC_TMR_Init)
C:/MaximSDK/Libraries/PeriphDrivers/bin/MAX32665/softfp/libPeriphDriver_softfp.a(tmr_reva.o)
                              C:/MaximSDK/Libraries/PeriphDrivers/bin/MAX32665/softfp/libPeriphDriver_softfp.a(tmr_me14.o) (MXC_TMR_RevA_Init)
C:/MaximSDK/Libraries/PeriphDrivers/bin/MAX32665/softfp/libPeriphDriver_softfp.a(tpu_me14.o)
                              C:/MaximSDK/Libraries/PeriphDrivers/bin/MAX32665/softfp/libPeriphDriver_softfp.a(sys_me14.o) (MXC_TPU_Cipher_Config)
C:/MaximSDK/Libraries/PeriphDrivers/bin/MAX32665/softfp/libPeriphDriver_softfp.a(tpu_reva.o)
                              C:/MaximSDK/Libraries/PeriphDrivers/bin/MAX32665/softfp/libPeriphDriver_softfp.a(tpu_me14.o) (MXC_TPU_RevA_Reset)
C:/MaximSDK/Libraries/PeriphDrivers/bin/MAX32665/softfp/libPeriphDriver_softfp.a(uart_me14.o)
                              c:/Users/mkurt2/Desktop/UART/build/board.o (MXC_UART_Shutdown)
C:/MaximSDK/Libraries/PeriphDrivers/bin/MAX32665/softfp/libPeriphDriver_softfp.a(uart_reva.o)
                              C:/MaximSDK/Libraries/PeriphDrivers/bin/MAX32665/softfp/libPeriphDriver_softfp.a(uart_me14.o) (MXC_UART_RevA_Init)
C:/MaximSDK/Libraries/PeriphDrivers/bin/MAX32665/softfp/libPeriphDriver_softfp.a(mxc_lock.o)
                              C:/MaximSDK/Libraries/PeriphDrivers/bin/MAX32665/softfp/libPeriphDriver_softfp.a(spixf_reva.o) (MXC_GetLock)
C:/MaximSDK/Libraries/PeriphDrivers/bin/MAX32665/softfp/libPeriphDriver_softfp.a(pins_me14.o)
                              C:/MaximSDK/Libraries/PeriphDrivers/bin/MAX32665/softfp/libPeriphDriver_softfp.a(spixf_me14.o) (gpio_cfg_spixfc)
C:/MaximSDK/Libraries/PeriphDrivers/bin/MAX32665/softfp/libPeriphDriver_softfp.a(dma_me14.o)
                              C:/MaximSDK/Libraries/PeriphDrivers/bin/MAX32665/softfp/libPeriphDriver_softfp.a(uart_reva.o) (MXC_DMA_Init)
C:/MaximSDK/Libraries/PeriphDrivers/bin/MAX32665/softfp/libPeriphDriver_softfp.a(dma_reva.o)
                              C:/MaximSDK/Libraries/PeriphDrivers/bin/MAX32665/softfp/libPeriphDriver_softfp.a(dma_me14.o) (MXC_DMA_RevA_Init)
C:/MaximSDK/Libraries/PeriphDrivers/bin/MAX32665/softfp/libPeriphDriver_softfp.a(flc_common.o)
                              C:/MaximSDK/Libraries/PeriphDrivers/bin/MAX32665/softfp/libPeriphDriver_softfp.a(flc_me14.o) (MXC_FLC_Com_VerifyData)
[...]
Memory Configuration

Name             Origin             Length             Attributes
SPIX             0x08000000         0x08000000         xr
FLASH            0x10000000         0x00100000         xr
PAL_NVM_DB       0x10100000         0x00000000         r
OTP              0x20000000         0x00000000         xrw
ARM_SHARED       0x20000000         0x00000000         xrw
SDMA_SHARED      0x20000000         0x00000000         xrw
SDMA_DATA        0x20000000         0x00000000         xrw
SDMA_CODE        0x20000000         0x00000000         xrw
SRAM             0x20000000         0x0008c000         xrw
SPID             0x80000000         0x20000000         rw
*default*        0x00000000         0xffffffff

Linker script and memory map

LOAD c:/maximsdk/tools/gnutools/10.3/bin/../lib/gcc/arm-none-eabi/10.3.1/thumb/v7e-m+fp/softfp/crti.o
LOAD c:/maximsdk/tools/gnutools/10.3/bin/../lib/gcc/arm-none-eabi/10.3.1/thumb/v7e-m+fp/softfp/crtbegin.o
LOAD c:/maximsdk/tools/gnutools/10.3/bin/../lib/gcc/arm-none-eabi/10.3.1/../../../../arm-none-eabi/lib/thumb/v7e-m+fp/softfp/crt0.o
LOAD c:/Users/mkurt2/Desktop/UART/build/main.o
LOAD c:/Users/mkurt2/Desktop/UART/build/board.o
LOAD c:/Users/mkurt2/Desktop/UART/build/stdio.o
LOAD c:/Users/mkurt2/Desktop/UART/build/led.o
LOAD c:/Users/mkurt2/Desktop/UART/build/mx25.o
LOAD c:/Users/mkurt2/Desktop/UART/build/pb.o
LOAD c:/Users/mkurt2/Desktop/UART/build/sharp_mip.o
LOAD c:/Users/mkurt2/Desktop/UART/build/startup_max32665.o
LOAD c:/Users/mkurt2/Desktop/UART/build/backup_max32665.o
LOAD c:/Users/mkurt2/Desktop/UART/build/heap.o
LOAD c:/Users/mkurt2/Desktop/UART/build/system_max32665.o
START GROUP
LOAD C:/MaximSDK/Libraries/PeriphDrivers/bin/MAX32665/softfp/libPeriphDriver_softfp.a
LOAD c:/maximsdk/tools/gnutools/10.3/bin/../lib/gcc/arm-none-eabi/10.3.1/../../../../arm-none-eabi/lib/thumb/v7e-m+fp/softfp\libc.a
LOAD c:/maximsdk/tools/gnutools/10.3/bin/../lib/gcc/arm-none-eabi/10.3.1/../../../../arm-none-eabi/lib/thumb/v7e-m+fp/softfp\libm.a
LOAD c:/maximsdk/tools/gnutools/10.3/bin/../lib/gcc/arm-none-eabi/10.3.1/../../../../arm-none-eabi/lib/thumb/v7e-m+fp/softfp\libnosys.a
END GROUP
START GROUP
LOAD c:/maximsdk/tools/gnutools/10.3/bin/../lib/gcc/arm-none-eabi/10.3.1/thumb/v7e-m+fp/softfp\libgcc.a
LOAD c:/maximsdk/tools/gnutools/10.3/bin/../lib/gcc/arm-none-eabi/10.3.1/../../../../arm-none-eabi/lib/thumb/v7e-m+fp/softfp\libc.a
END GROUP
LOAD c:/maximsdk/tools/gnutools/10.3/bin/../lib/gcc/arm-none-eabi/10.3.1/thumb/v7e-m+fp/softfp/crtend.o
LOAD c:/maximsdk/tools/gnutools/10.3/bin/../lib/gcc/arm-none-eabi/10.3.1/thumb/v7e-m+fp/softfp/crtn.o
                0x20000000                SRAM_ORIGIN = 0x20000000
                0x00000000                SDMA_CODE_LEN = DEFINED (SDMA_CODE_SIZE)?SDMA_CODE_SIZE:0x0
                0x00000000                SDMA_DATA_LEN = DEFINED (SDMA_DATA_SIZE)?SDMA_DATA_SIZE:0x0
                0x00000000                SDMA_LEN = (SDMA_CODE_LEN + SDMA_DATA_LEN)
                0x00000000                OTP_LEN = DEFINED (SDMA_CODE_SIZE)?0x40:0x0
                0x00000000                SHARED_LEN = DEFINED (SDMA_CODE_SIZE)?0x400:0x0
                0x00000000                SHARED_LEN_HALF = (SHARED_LEN / 0x2)
                0x20000000                OTP_ADDR = SRAM_ORIGIN
                0x20000000                SHARED_ADDR = (OTP_ADDR + OTP_LEN)
                0x20000000                SDMA_DATA_ADDR = (SHARED_ADDR + SHARED_LEN)
                0x20000000                SDMA_CODE_ADDR = (SDMA_DATA_ADDR + SDMA_DATA_LEN)
                0x20000000                SRAM_ADDR = (SDMA_CODE_ADDR + SDMA_CODE_LEN)
                0x0008c000                SRAM_LEN = (((SRAM_SIZE - OTP_LEN) - SHARED_LEN) - SDMA_LEN)
                0x00100000                FLASH_MEM_SIZE = (0x100000 - _PAL_NVM_SIZE)
                0x10100000                PAL_NVM_ORIGIN = ((0x100000 - _PAL_NVM_SIZE) + 0x10000000)

.text           0x10000000     0x9904
                0x10000000                _text = .
 *(.isr_vector)
 .isr_vector    0x10000000      0x1bc c:/Users/mkurt2/Desktop/UART/build/startup_max32665.o
                0x10000000                __isr_vector
 *(.text*)
 .text          0x100001bc       0x40 c:/maximsdk/tools/gnutools/10.3/bin/../lib/gcc/arm-none-eabi/10.3.1/thumb/v7e-m+fp/softfp/crtbegin.o
 .text.init_crc8_table
                0x100001fc       0x34 c:/Users/mkurt2/Desktop/UART/build/main.o
                0x100001fc                init_crc8_table
 .text.calculate_crc8
                0x10000230       0x28 c:/Users/mkurt2/Desktop/UART/build/main.o
                0x10000230                calculate_crc8
 .text.cancel_previous_actions
                0x10000258       0x14 c:/Users/mkurt2/Desktop/UART/build/main.o
                0x10000258                cancel_previous_actions
 .text.uart_handler
                0x1000026c       0xa0 c:/Users/mkurt2/Desktop/UART/build/main.o
                0x1000026c                uart_handler
 .text.UART0_Handler
                0x1000030c       0x20 c:/Users/mkurt2/Desktop/UART/build/main.o
                0x1000030c                UART0_Handler
 .text.main     0x1000032c      0x170 c:/Users/mkurt2/Desktop/UART/build/main.o
                0x1000032c                main
 .text.ext_flash_clock
                0x1000049c        0xa c:/Users/mkurt2/Desktop/UART/build/board.o
 .text.ext_flash_board_write
                0x100004a6       0x36 c:/Users/mkurt2/Desktop/UART/build/board.o
 .text.ext_flash_board_read
                0x100004dc       0x36 c:/Users/mkurt2/Desktop/UART/build/board.o
 *fill*         0x10000512        0x2 
 .text.ext_flash_board_init
                0x10000514       0x1c c:/Users/mkurt2/Desktop/UART/build/board.o
 .text.GPIO1_IRQHandler
                0x10000530        0xa c:/Users/mkurt2/Desktop/UART/build/board.o
                0x10000530                GPIO1_IRQHandler
 *fill*         0x1000053a        0x2 
 .text.mxc_assert
                0x1000053c       0x10 c:/Users/mkurt2/Desktop/UART/build/board.o
                0x1000053c                mxc_assert
 .text.Console_Init
                0x1000054c       0x18 c:/Users/mkurt2/Desktop/UART/build/board.o
                0x1000054c                Console_Init
 .text.Board_Init
                0x10000564       0x58 c:/Users/mkurt2/Desktop/UART/build/board.o
                0x10000564                Board_Init
 .text.NMI_Handler
                0x100005bc        0x4 c:/Users/mkurt2/Desktop/UART/build/board.o
                0x100005bc                NMI_Handler
 .text._close   0x100005c0        0x6 c:/Users/mkurt2/Desktop/UART/build/stdio.o
                0x100005c0                _close
 .text._isatty  0x100005c6        0x6 c:/Users/mkurt2/Desktop/UART/build/stdio.o
                0x100005c6                _isatty
 .text._lseek   0x100005cc        0x6 c:/Users/mkurt2/Desktop/UART/build/stdio.o
                0x100005cc                _lseek
 .text._fstat   0x100005d2        0x6 c:/Users/mkurt2/Desktop/UART/build/stdio.o
                0x100005d2                _fstat
 .text._read    0x100005d8       0x50 c:/Users/mkurt2/Desktop/UART/build/stdio.o
                0x100005d8                _read
 .text._write   0x10000628       0x58 c:/Users/mkurt2/Desktop/UART/build/stdio.o
                0x10000628                _write
 .text.LED_On   0x10000680       0x44 c:/Users/mkurt2/Desktop/UART/build/led.o
                0x10000680                LED_On
 .text.LED_Off  0x100006c4       0x44 c:/Users/mkurt2/Desktop/UART/build/led.o
                0x100006c4                LED_Off
 .text.LED_Init
                0x10000708       0x3c c:/Users/mkurt2/Desktop/UART/build/led.o
                0x10000708                LED_Init
 .text.Ext_Flash_Configure
                0x10000744       0x28 c:/Users/mkurt2/Desktop/UART/build/mx25.o
                0x10000744                Ext_Flash_Configure
 .text.PB_Init  0x1000076c       0x38 c:/Users/mkurt2/Desktop/UART/build/pb.o
                0x1000076c                PB_Init
 .text          0x100007a4      0x134 c:/Users/mkurt2/Desktop/UART/build/startup_max32665.o
                0x100007a4                Reset_Handler
                0x100007e2                HardFault_Handler
                0x100007e4                MemManage_Handler
                0x100007e6                BusFault_Handler
                0x100007e8                UsageFault_Handler
                0x100007ea                SVC_Handler
                0x100007ec                PendSV_Handler
                0x100007ee                Default_Handler
                0x100007f0                PF_IRQHandler
                0x100007f2                WDT0_IRQHandler
                0x100007f4                USB_IRQHandler
                0x100007f6                RTC_IRQHandler
                0x100007f8                TRNG_IRQHandler
                0x100007fa                TMR0_IRQHandler
                0x100007fc                TMR1_IRQHandler
                0x100007fe                TMR2_IRQHandler
                0x10000800                TMR3_IRQHandler
                0x10000802                TMR4_IRQHandler
                0x10000804                TMR5_IRQHandler
                0x10000806                RSV11_IRQHandler
                0x10000808                RSV12_IRQHandler
                0x1000080a                I2C0_IRQHandler
                0x1000080c                UART0_IRQHandler
                0x1000080e                UART1_IRQHandler
                0x10000810                SPI1_IRQHandler
                0x10000812                SPI2_IRQHandler
                0x10000814                RSV18_IRQHandler
                0x10000816                RSV19_IRQHandler
                0x10000818                ADC_IRQHandler
                0x1000081a                RSV21_IRQHandler
                0x1000081c                RSV22_IRQHandler
                0x1000081e                FLC0_IRQHandler
                0x10000820                GPIO0_IRQHandler
                0x10000824                RSV26_IRQHandler
                0x10000826                TPU_IRQHandler
                0x10000828                DMA0_IRQHandler
                0x1000082a                DMA1_IRQHandler
                0x1000082c                DMA2_IRQHandler
                0x1000082e                DMA3_IRQHandler
                0x10000830                RSV32_IRQHandler
                0x10000832                RSV33_IRQHandler
                0x10000834                UART2_IRQHandler
                0x10000836                RSV35_IRQHandler
                0x10000838                I2C1_IRQHandler
                0x1000083a                RSV37_IRQHandler
                0x1000083c                SPIXFC_IRQHandler
                0x1000083e                BTLE_TX_DONE_IRQHandler
                0x10000840                BTLE_RX_RCVD_IRQHandler
                0x10000842                BTLE_RX_ENG_DET_IRQHandler
                0x10000844                BTLE_SFD_DET_IRQHandler
                0x10000846                BTLE_SFD_TO_IRQHandler
                0x10000848                BTLE_GP_EVENT_IRQHandler
                0x1000084a                BTLE_CFO_IRQHandler
                0x1000084c                BTLE_SIG_DET_IRQHandler
                0x1000084e                BTLE_AGC_EVENT_IRQHandler
                0x10000850                BTLE_RFFE_SPIM_IRQHandler
                0x10000852                BTLE_TX_AES_IRQHandler
                0x10000854                BTLE_RX_AES_IRQHandler
                0x10000856                BTLE_INV_APB_ADDR_IRQHandler
                0x10000858                BTLE_IQ_DATA_VALID_IRQHandler
                0x1000085a                WUT_IRQHandler
                0x1000085c                GPIOWAKE_IRQHandler
                0x1000085e                RSV55_IRQHandler
                0x10000860                SPI0_IRQHandler
                0x10000862                WDT1_IRQHandler
                0x10000864                RSV58_IRQHandler
                0x10000866                PT_IRQHandler
                0x10000868                SDMA0_IRQHandler
                0x1000086a                RSV61_IRQHandler
                0x1000086c                I2C2_IRQHandler
                0x1000086e                RSV63_IRQHandler
                0x10000870                RSV64_IRQHandler
                0x10000872                RSV65_IRQHandler
                0x10000874                SDHC_IRQHandler
                0x10000876                OWM_IRQHandler
                0x10000878                DMA4_IRQHandler
                0x1000087a                DMA5_IRQHandler
                0x1000087c                DMA6_IRQHandler
                0x1000087e                DMA7_IRQHandler
                0x10000880                DMA8_IRQHandler
                0x10000882                DMA9_IRQHandler
                0x10000884                DMA10_IRQHandler
                0x10000886                DMA11_IRQHandler
                0x10000888                DMA12_IRQHandler
                0x1000088a                DMA13_IRQHandler
                0x1000088c                DMA14_IRQHandler
                0x1000088e                DMA15_IRQHandler
                0x10000890                USBDMA_IRQHandler
                0x10000892                WDT2_IRQHandler
                0x10000894                ECC_IRQHandler
                0x10000896                DVS_IRQHandler
                0x10000898                SIMO_IRQHandler
                0x1000089a                SCA_IRQHandler
                0x1000089c                AUDIO_IRQHandler
                0x1000089e                FLC1_IRQHandler
                0x100008a0                RSV88_IRQHandler
                0x100008a2                RSV89_IRQHandler
                0x100008a4                RSV90_IRQHandler
                0x100008a6                RSV91_IRQHandler
                0x100008a8                RSV92_IRQHandler
                0x100008aa                HTMR0_IRQHandler
                0x100008ac                HTMR1_IRQHandler
 .text._sbrk    0x100008d8       0x40 c:/Users/mkurt2/Desktop/UART/build/heap.o
                0x100008d8                _sbrk
 .text.SystemCoreClockUpdate
                0x10000918       0x6c c:/Users/mkurt2/Desktop/UART/build/system_max32665.o
                0x10000918                SystemCoreClockUpdate
 .text.PreInit  0x10000984       0x60 c:/Users/mkurt2/Desktop/UART/build/system_max32665.o
                0x10000984                PreInit
 .text.PalSysInit
                0x100009e4        0x2 c:/Users/mkurt2/Desktop/UART/build/system_max32665.o
                0x100009e4                PalSysInit
 *fill*         0x100009e6        0x2 
 .text.SystemInit
                0x100009e8      0x110 c:/Users/mkurt2/Desktop/UART/build/system_max32665.o
                0x100009e8                SystemInit
 .text.MXC_DelayInit
                0x10000af8       0x84 C:/MaximSDK/Libraries/PeriphDrivers/bin/MAX32665/softfp/libPeriphDriver_softfp.a(mxc_delay.o)
 .text.MXC_DelayAsync
                0x10000b7c       0x44 C:/MaximSDK/Libraries/PeriphDrivers/bin/MAX32665/softfp/libPeriphDriver_softfp.a(mxc_delay.o)
                0x10000b7c                MXC_DelayAsync
 .text.MXC_DelayAbort
                0x10000bc0       0x34 C:/MaximSDK/Libraries/PeriphDrivers/bin/MAX32665/softfp/libPeriphDriver_softfp.a(mxc_delay.o)
                0x10000bc0                MXC_DelayAbort
 .text.MXC_DelayHandler
                0x10000bf4       0x40 C:/MaximSDK/Libraries/PeriphDrivers/bin/MAX32665/softfp/libPeriphDriver_softfp.a(mxc_delay.o)
                0x10000bf4                MXC_DelayHandler
 .text.SysTick_Handler
                0x10000c34        0x8 C:/MaximSDK/Libraries/PeriphDrivers/bin/MAX32665/softfp/libPeriphDriver_softfp.a(mxc_delay.o)
                0x10000c34                SysTick_Handler
 .text.MXC_DelayCheck
                0x10000c3c       0x64 C:/MaximSDK/Libraries/PeriphDrivers/bin/MAX32665/softfp/libPeriphDriver_softfp.a(mxc_delay.o)
                0x10000c3c                MXC_DelayCheck
 .text.NVIC_SetRAM
                0x10000ca0       0x24 C:/MaximSDK/Libraries/PeriphDrivers/bin/MAX32665/softfp/libPeriphDriver_softfp.a(nvic_table.o)
                0x10000ca0                NVIC_SetRAM
 .text.MXC_NVIC_SetVector
                0x10000cc4       0x44 C:/MaximSDK/Libraries/PeriphDrivers/bin/MAX32665/softfp/libPeriphDriver_softfp.a(nvic_table.o)
                0x10000cc4                MXC_NVIC_SetVector
 .text.MXC_SYS_ClockDisable
                0x10000d08       0x2c C:/MaximSDK/Libraries/PeriphDrivers/bin/MAX32665/softfp/libPeriphDriver_softfp.a(sys_me14.o)
                0x10000d08                MXC_SYS_ClockDisable
 .text.MXC_SYS_ClockEnable
                0x10000d34       0x30 C:/MaximSDK/Libraries/PeriphDrivers/bin/MAX32665/softfp/libPeriphDriver_softfp.a(sys_me14.o)
                0x10000d34                MXC_SYS_ClockEnable
 .text.MXC_SYS_Clock_Timeout
                0x10000d64       0x30 C:/MaximSDK/Libraries/PeriphDrivers/bin/MAX32665/softfp/libPeriphDriver_softfp.a(sys_me14.o)
                0x10000d64                MXC_SYS_Clock_Timeout
 .text.MXC_SYS_Clock_Select
                0x10000d94      0x18c C:/MaximSDK/Libraries/PeriphDrivers/bin/MAX32665/softfp/libPeriphDriver_softfp.a(sys_me14.o)
                0x10000d94                MXC_SYS_Clock_Select
 .text.MXC_SYS_Reset_Periph
                0x10000f20       0x38 C:/MaximSDK/Libraries/PeriphDrivers/bin/MAX32665/softfp/libPeriphDriver_softfp.a(sys_me14.o)
                0x10000f20                MXC_SYS_Reset_Periph
 .text.MXC_GPIO_OutSet
                0x10000f58        0x8 C:/MaximSDK/Libraries/PeriphDrivers/bin/MAX32665/softfp/libPeriphDriver_softfp.a(gpio_me14.o)
                0x10000f58                MXC_GPIO_OutSet
 .text.MXC_GPIO_OutClr
                0x10000f60        0x8 C:/MaximSDK/Libraries/PeriphDrivers/bin/MAX32665/softfp/libPeriphDriver_softfp.a(gpio_me14.o)
                0x10000f60                MXC_GPIO_OutClr
 .text.MXC_GPIO_Handler
                0x10000f68        0x8 C:/MaximSDK/Libraries/PeriphDrivers/bin/MAX32665/softfp/libPeriphDriver_softfp.a(gpio_me14.o)
                0x10000f68                MXC_GPIO_Handler
 .text.MXC_GPIO_ClearFlags
                0x10000f70        0x8 C:/MaximSDK/Libraries/PeriphDrivers/bin/MAX32665/softfp/libPeriphDriver_softfp.a(gpio_me14.o)
                0x10000f70                MXC_GPIO_ClearFlags
 .text.MXC_GPIO_GetFlags
                0x10000f78        0x8 C:/MaximSDK/Libraries/PeriphDrivers/bin/MAX32665/softfp/libPeriphDriver_softfp.a(gpio_me14.o)
                0x10000f78                MXC_GPIO_GetFlags
 .text.MXC_GPIO_SetVSSEL
                0x10000f80        0x8 C:/MaximSDK/Libraries/PeriphDrivers/bin/MAX32665/softfp/libPeriphDriver_softfp.a(gpio_me14.o)
                0x10000f80                MXC_GPIO_SetVSSEL
 .text.MXC_GPIO_Config
                0x10000f88       0xcc C:/MaximSDK/Libraries/PeriphDrivers/bin/MAX32665/softfp/libPeriphDriver_softfp.a(gpio_me14.o)
                0x10000f88                MXC_GPIO_Config
 .text.MXC_GPIO_RevA_OutSet
                0x10001054        0x4 C:/MaximSDK/Libraries/PeriphDrivers/bin/MAX32665/softfp/libPeriphDriver_softfp.a(gpio_reva.o)
                0x10001054                MXC_GPIO_RevA_OutSet
 .text.MXC_GPIO_RevA_OutClr
                0x10001058        0x4 C:/MaximSDK/Libraries/PeriphDrivers/bin/MAX32665/softfp/libPeriphDriver_softfp.a(gpio_reva.o)
                0x10001058                MXC_GPIO_RevA_OutClr
 .text.MXC_GPIO_RevA_ClearFlags
                0x1000105c        0x4 C:/MaximSDK/Libraries/PeriphDrivers/bin/MAX32665/softfp/libPeriphDriver_softfp.a(gpio_reva.o)
                0x1000105c                MXC_GPIO_RevA_ClearFlags
 .text.MXC_GPIO_RevA_GetFlags
                0x10001060        0x4 C:/MaximSDK/Libraries/PeriphDrivers/bin/MAX32665/softfp/libPeriphDriver_softfp.a(gpio_reva.o)
                0x10001060                MXC_GPIO_RevA_GetFlags
 .text.MXC_GPIO_RevA_SetVSSEL
                0x10001064       0x2a C:/MaximSDK/Libraries/PeriphDrivers/bin/MAX32665/softfp/libPeriphDriver_softfp.a(gpio_reva.o)
                0x10001064                MXC_GPIO_RevA_SetVSSEL
 .text.MXC_GPIO_RevA_SetAF
                0x1000108e       0x74 C:/MaximSDK/Libraries/PeriphDrivers/bin/MAX32665/softfp/libPeriphDriver_softfp.a(gpio_reva.o)
                0x1000108e                MXC_GPIO_RevA_SetAF
 *fill*         0x10001102        0x2 
 .text.MXC_RTC_Start
                0x10001104       0x10 C:/MaximSDK/Libraries/PeriphDrivers/bin/MAX32665/softfp/libPeriphDriver_softfp.a(rtc_me14.o)
                0x10001104                MXC_RTC_Start
 .text.MXC_RTC_SquareWaveStart
                0x10001114       0x2c C:/MaximSDK/Libraries/PeriphDrivers/bin/MAX32665/softfp/libPeriphDriver_softfp.a(rtc_me14.o)
                0x10001114                MXC_RTC_SquareWaveStart
 .text.MXC_RTC_SquareWaveStop
                0x10001140       0x20 C:/MaximSDK/Libraries/PeriphDrivers/bin/MAX32665/softfp/libPeriphDriver_softfp.a(rtc_me14.o)
                0x10001140                MXC_RTC_SquareWaveStop
 .text.MXC_RTC_Trim
                0x10001160       0x10 C:/MaximSDK/Libraries/PeriphDrivers/bin/MAX32665/softfp/libPeriphDriver_softfp.a(rtc_me14.o)
                0x10001160                MXC_RTC_Trim
 .text.MXC_RTC_Wait_BusyToClear
                0x10001170       0x10 C:/MaximSDK/Libraries/PeriphDrivers/bin/MAX32665/softfp/libPeriphDriver_softfp.a(rtc_reva.o)
                0x10001170                MXC_RTC_Wait_BusyToClear
 .text.MXC_RTC_RevA_GetBusyFlag
                0x10001180       0x18 C:/MaximSDK/Libraries/PeriphDrivers/bin/MAX32665/softfp/libPeriphDriver_softfp.a(rtc_reva.o)
                0x10001180                MXC_RTC_RevA_GetBusyFlag
 .text.MXC_RTC_RevA_Start
                0x10001198       0x36 C:/MaximSDK/Libraries/PeriphDrivers/bin/MAX32665/softfp/libPeriphDriver_softfp.a(rtc_reva.o)
                0x10001198                MXC_RTC_RevA_Start
 .text.MXC_RTC_RevA_SquareWave
                0x100011ce       0x96 C:/MaximSDK/Libraries/PeriphDrivers/bin/MAX32665/softfp/libPeriphDriver_softfp.a(rtc_reva.o)
                0x100011ce                MXC_RTC_RevA_SquareWave
 .text.MXC_RTC_RevA_Trim
                0x10001264       0x3c C:/MaximSDK/Libraries/PeriphDrivers/bin/MAX32665/softfp/libPeriphDriver_softfp.a(rtc_reva.o)
                0x10001264                MXC_RTC_RevA_Trim
 .text.MXC_SPIXF_Init
                0x100012a0       0x38 C:/MaximSDK/Libraries/PeriphDrivers/bin/MAX32665/softfp/libPeriphDriver_softfp.a(spixf_me14.o)
                0x100012a0                MXC_SPIXF_Init
 .text.MXC_SPIXF_Clocks
                0x100012d8       0x24 C:/MaximSDK/Libraries/PeriphDrivers/bin/MAX32665/softfp/libPeriphDriver_softfp.a(spixf_me14.o)
                0x100012d8                MXC_SPIXF_Clocks
 .text.MXC_SPIXF_Transaction
                0x100012fc       0x18 C:/MaximSDK/Libraries/PeriphDrivers/bin/MAX32665/softfp/libPeriphDriver_softfp.a(spixf_me14.o)
                0x100012fc                MXC_SPIXF_Transaction
 .text.MXC_SPIXF_Enable
                0x10001314       0x10 C:/MaximSDK/Libraries/PeriphDrivers/bin/MAX32665/softfp/libPeriphDriver_softfp.a(spixf_me14.o)
                0x10001314                MXC_SPIXF_Enable
 .text.SPIXFC_ReadRXFIFO
                0x10001324       0x22 C:/MaximSDK/Libraries/PeriphDrivers/bin/MAX32665/softfp/libPeriphDriver_softfp.a(spixf_reva.o)
 .text.MXC_SPIXF_RevA_SetMode
                0x10001346       0x24 C:/MaximSDK/Libraries/PeriphDrivers/bin/MAX32665/softfp/libPeriphDriver_softfp.a(spixf_reva.o)
                0x10001346                MXC_SPIXF_RevA_SetMode
 .text.MXC_SPIXF_RevA_SetSSPolActiveLow
                0x1000136a       0x14 C:/MaximSDK/Libraries/PeriphDrivers/bin/MAX32665/softfp/libPeriphDriver_softfp.a(spixf_reva.o)
                0x1000136a                MXC_SPIXF_RevA_SetSSPolActiveLow
 *fill*         0x1000137e        0x2 
 .text.MXC_SPIXF_RevA_GetSPIFrequency
                0x10001380       0x20 C:/MaximSDK/Libraries/PeriphDrivers/bin/MAX32665/softfp/libPeriphDriver_softfp.a(spixf_reva.o)
                0x10001380                MXC_SPIXF_RevA_GetSPIFrequency
 .text.MXC_SPIXF_RevA_GetSPIFrequencyWrite
                0x100013a0       0x20 C:/MaximSDK/Libraries/PeriphDrivers/bin/MAX32665/softfp/libPeriphDriver_softfp.a(spixf_reva.o)
                0x100013a0                MXC_SPIXF_RevA_GetSPIFrequencyWrite
 .text.MXC_SPIXF_RevA_SetSPIFrequency
                0x100013c0      0x100 C:/MaximSDK/Libraries/PeriphDrivers/bin/MAX32665/softfp/libPeriphDriver_softfp.a(spixf_reva.o)
                0x100013c0                MXC_SPIXF_RevA_SetSPIFrequency
 .text.MXC_SPIXF_RevA_SetSSActiveTime
                0x100014c0       0x1e C:/MaximSDK/Libraries/PeriphDrivers/bin/MAX32665/softfp/libPeriphDriver_softfp.a(spixf_reva.o)
                0x100014c0                MXC_SPIXF_RevA_SetSSActiveTime
 .text.MXC_SPIXF_RevA_SetSSInactiveTime
                0x100014de       0x1e C:/MaximSDK/Libraries/PeriphDrivers/bin/MAX32665/softfp/libPeriphDriver_softfp.a(spixf_reva.o)
                0x100014de                MXC_SPIXF_RevA_SetSSInactiveTime
 .text.MXC_SPIXF_RevA_SetCmdWidth
                0x100014fc       0x34 C:/MaximSDK/Libraries/PeriphDrivers/bin/MAX32665/softfp/libPeriphDriver_softfp.a(spixf_reva.o)
                0x100014fc                MXC_SPIXF_RevA_SetCmdWidth
 .text.MXC_SPIXF_RevA_SetAddrWidth
                0x10001530       0x34 C:/MaximSDK/Libraries/PeriphDrivers/bin/MAX32665/softfp/libPeriphDriver_softfp.a(spixf_reva.o)
                0x10001530                MXC_SPIXF_RevA_SetAddrWidth
 .text.MXC_SPIXF_RevA_SetDataWidth
                0x10001564       0x34 C:/MaximSDK/Libraries/PeriphDrivers/bin/MAX32665/softfp/libPeriphDriver_softfp.a(spixf_reva.o)
                0x10001564                MXC_SPIXF_RevA_SetDataWidth
 .text.MXC_SPIXF_RevA_Set3ByteAddr
                0x10001598        0xc C:/MaximSDK/Libraries/PeriphDrivers/bin/MAX32665/softfp/libPeriphDriver_softfp.a(spixf_reva.o)
                0x10001598                MXC_SPIXF_RevA_Set3ByteAddr
 .text.MXC_SPIXF_RevA_SCKFeedbackEnable
                0x100015a4       0x14 C:/MaximSDK/Libraries/PeriphDrivers/bin/MAX32665/softfp/libPeriphDriver_softfp.a(spixf_reva.o)
                0x100015a4                MXC_SPIXF_RevA_SCKFeedbackEnable
 .text.MXC_SPIXF_RevA_SCKFeedbackDisable
                0x100015b8       0x14 C:/MaximSDK/Libraries/PeriphDrivers/bin/MAX32665/softfp/libPeriphDriver_softfp.a(spixf_reva.o)
                0x100015b8                MXC_SPIXF_RevA_SCKFeedbackDisable
 .text.MXC_SPIXF_RevA_SetCmdValue
                0x100015cc        0xe C:/MaximSDK/Libraries/PeriphDrivers/bin/MAX32665/softfp/libPeriphDriver_softfp.a(spixf_reva.o)
                0x100015cc                MXC_SPIXF_RevA_SetCmdValue
 .text.MXC_SPIXF_RevA_SetPageSize
                0x100015da       0x10 C:/MaximSDK/Libraries/PeriphDrivers/bin/MAX32665/softfp/libPeriphDriver_softfp.a(spixf_reva.o)
                0x100015da                MXC_SPIXF_RevA_SetPageSize
 .text.MXC_SPIXF_RevA_RXFIFOEnable
                0x100015ea        0xc C:/MaximSDK/Libraries/PeriphDrivers/bin/MAX32665/softfp/libPeriphDriver_softfp.a(spixf_reva.o)
                0x100015ea                MXC_SPIXF_RevA_RXFIFOEnable
 .text.MXC_SPIXF_RevA_TXFIFOEnable
                0x100015f6        0xc C:/MaximSDK/Libraries/PeriphDrivers/bin/MAX32665/softfp/libPeriphDriver_softfp.a(spixf_reva.o)
                0x100015f6                MXC_SPIXF_RevA_TXFIFOEnable
 *fill*         0x10001602        0x2 
 .text.MXC_SPIXF_RevA_Init
                0x10001604       0x90 C:/MaximSDK/Libraries/PeriphDrivers/bin/MAX32665/softfp/libPeriphDriver_softfp.a(spixf_reva.o)
                0x10001604                MXC_SPIXF_RevA_Init
 .text.MXC_SPIXF_RevA_Enable
                0x10001694        0xc C:/MaximSDK/Libraries/PeriphDrivers/bin/MAX32665/softfp/libPeriphDriver_softfp.a(spixf_reva.o)
                0x10001694                MXC_SPIXF_RevA_Enable
 .text.MXC_SPIXF_RevA_IsEnabled
                0x100016a0        0x8 C:/MaximSDK/Libraries/PeriphDrivers/bin/MAX32665/softfp/libPeriphDriver_softfp.a(spixf_reva.o)
                0x100016a0                MXC_SPIXF_RevA_IsEnabled
 .text.MXC_SPIXF_RevA_Clocks
                0x100016a8       0xb4 C:/MaximSDK/Libraries/PeriphDrivers/bin/MAX32665/softfp/libPeriphDriver_softfp.a(spixf_reva.o)
                0x100016a8                MXC_SPIXF_RevA_Clocks
 .text.MXC_SPIXF_RevA_Transaction
                0x1000175c      0x1f4 C:/MaximSDK/Libraries/PeriphDrivers/bin/MAX32665/softfp/libPeriphDriver_softfp.a(spixf_reva.o)
                0x1000175c                MXC_SPIXF_RevA_Transaction
 .text.MXC_UART_Shutdown
                0x10001950       0x50 C:/MaximSDK/Libraries/PeriphDrivers/bin/MAX32665/softfp/libPeriphDriver_softfp.a(uart_me14.o)
                0x10001950                MXC_UART_Shutdown
 .text.MXC_UART_Init
                0x100019a0       0x98 C:/MaximSDK/Libraries/PeriphDrivers/bin/MAX32665/softfp/libPeriphDriver_softfp.a(uart_me14.o)
                0x100019a0                MXC_UART_Init
 .text.MXC_UART_SetFrequency
                0x10001a38        0x8 C:/MaximSDK/Libraries/PeriphDrivers/bin/MAX32665/softfp/libPeriphDriver_softfp.a(uart_me14.o)
                0x10001a38                MXC_UART_SetFrequency
 .text.MXC_UART_GetFrequency
                0x10001a40        0x8 C:/MaximSDK/Libraries/PeriphDrivers/bin/MAX32665/softfp/libPeriphDriver_softfp.a(uart_me14.o)
                0x10001a40                MXC_UART_GetFrequency
 .text.MXC_UART_SetDataSize
                0x10001a48        0x8 C:/MaximSDK/Libraries/PeriphDrivers/bin/MAX32665/softfp/libPeriphDriver_softfp.a(uart_me14.o)
                0x10001a48                MXC_UART_SetDataSize
 .text.MXC_UART_SetStopBits
                0x10001a50        0x8 C:/MaximSDK/Libraries/PeriphDrivers/bin/MAX32665/softfp/libPeriphDriver_softfp.a(uart_me14.o)
                0x10001a50                MXC_UART_SetStopBits
 .text.MXC_UART_SetParity
                0x10001a58        0x8 C:/MaximSDK/Libraries/PeriphDrivers/bin/MAX32665/softfp/libPeriphDriver_softfp.a(uart_me14.o)
                0x10001a58                MXC_UART_SetParity
 .text.MXC_UART_ReadCharacterRaw
                0x10001a60        0x8 C:/MaximSDK/Libraries/PeriphDrivers/bin/MAX32665/softfp/libPeriphDriver_softfp.a(uart_me14.o)
                0x10001a60                MXC_UART_ReadCharacterRaw
 .text.MXC_UART_WriteCharacterRaw
                0x10001a68        0x8 C:/MaximSDK/Libraries/PeriphDrivers/bin/MAX32665/softfp/libPeriphDriver_softfp.a(uart_me14.o)
                0x10001a68                MXC_UART_WriteCharacterRaw
 .text.MXC_UART_ReadCharacter
                0x10001a70        0x8 C:/MaximSDK/Libraries/PeriphDrivers/bin/MAX32665/softfp/libPeriphDriver_softfp.a(uart_me14.o)
                0x10001a70                MXC_UART_ReadCharacter
 .text.MXC_UART_WriteCharacter
                0x10001a78        0x8 C:/MaximSDK/Libraries/PeriphDrivers/bin/MAX32665/softfp/libPeriphDriver_softfp.a(uart_me14.o)
                0x10001a78                MXC_UART_WriteCharacter
 .text.MXC_UART_ReadRXFIFO
                0x10001a80        0x8 C:/MaximSDK/Libraries/PeriphDrivers/bin/MAX32665/softfp/libPeriphDriver_softfp.a(uart_me14.o)
                0x10001a80                MXC_UART_ReadRXFIFO
 .text.MXC_UART_GetRXFIFOAvailable
                0x10001a88        0x8 C:/MaximSDK/Libraries/PeriphDrivers/bin/MAX32665/softfp/libPeriphDriver_softfp.a(uart_me14.o)
                0x10001a88                MXC_UART_GetRXFIFOAvailable
 .text.MXC_UART_GetTXFIFOAvailable
                0x10001a90        0x8 C:/MaximSDK/Libraries/PeriphDrivers/bin/MAX32665/softfp/libPeriphDriver_softfp.a(uart_me14.o)
                0x10001a90                MXC_UART_GetTXFIFOAvailable
 .text.MXC_UART_SetRXThreshold
                0x10001a98        0x8 C:/MaximSDK/Libraries/PeriphDrivers/bin/MAX32665/softfp/libPeriphDriver_softfp.a(uart_me14.o)
                0x10001a98                MXC_UART_SetRXThreshold
 .text.MXC_UART_SetTXThreshold
                0x10001aa0        0x8 C:/MaximSDK/Libraries/PeriphDrivers/bin/MAX32665/softfp/libPeriphDriver_softfp.a(uart_me14.o)
                0x10001aa0                MXC_UART_SetTXThreshold
 .text.MXC_UART_GetFlags
                0x10001aa8        0x8 C:/MaximSDK/Libraries/PeriphDrivers/bin/MAX32665/softfp/libPeriphDriver_softfp.a(uart_me14.o)
                0x10001aa8                MXC_UART_GetFlags
 .text.MXC_UART_ClearFlags
                0x10001ab0        0x8 C:/MaximSDK/Libraries/PeriphDrivers/bin/MAX32665/softfp/libPeriphDriver_softfp.a(uart_me14.o)
                0x10001ab0                MXC_UART_ClearFlags
 .text.MXC_UART_EnableInt
                0x10001ab8        0x8 C:/MaximSDK/Libraries/PeriphDrivers/bin/MAX32665/softfp/libPeriphDriver_softfp.a(uart_me14.o)
                0x10001ab8                MXC_UART_EnableInt
 .text.MXC_UART_DisableInt
                0x10001ac0        0x8 C:/MaximSDK/Libraries/PeriphDrivers/bin/MAX32665/softfp/libPeriphDriver_softfp.a(uart_me14.o)
                0x10001ac0                MXC_UART_DisableInt
 .text.MXC_UART_RevA_Init
                0x10001ac8       0x5e C:/MaximSDK/Libraries/PeriphDrivers/bin/MAX32665/softfp/libPeriphDriver_softfp.a(uart_reva.o)
                0x10001ac8                MXC_UART_RevA_Init
 *fill*         0x10001b26        0x2 
 .text.MXC_UART_RevA_SetFrequency
                0x10001b28      0x128 C:/MaximSDK/Libraries/PeriphDrivers/bin/MAX32665/softfp/libPeriphDriver_softfp.a(uart_reva.o)
                0x10001b28                MXC_UART_RevA_SetFrequency
 .text.MXC_UART_RevA_GetFrequency
                0x10001c50       0xb4 C:/MaximSDK/Libraries/PeriphDrivers/bin/MAX32665/softfp/libPeriphDriver_softfp.a(uart_reva.o)
                0x10001c50                MXC_UART_RevA_GetFrequency
 .text.MXC_UART_RevA_SetDataSize
                0x10001d04       0x40 C:/MaximSDK/Libraries/PeriphDrivers/bin/MAX32665/softfp/libPeriphDriver_softfp.a(uart_reva.o)
                0x10001d04                MXC_UART_RevA_SetDataSize
 .text.MXC_UART_RevA_SetStopBits
                0x10001d44       0x44 C:/MaximSDK/Libraries/PeriphDrivers/bin/MAX32665/softfp/libPeriphDriver_softfp.a(uart_reva.o)
                0x10001d44                MXC_UART_RevA_SetStopBits
 .text.MXC_UART_RevA_SetParity
                0x10001d88      0x13c C:/MaximSDK/Libraries/PeriphDrivers/bin/MAX32665/softfp/libPeriphDriver_softfp.a(uart_reva.o)
                0x10001d88                MXC_UART_RevA_SetParity
 .text.MXC_UART_RevA_ReadCharacterRaw
                0x10001ec4       0x34 C:/MaximSDK/Libraries/PeriphDrivers/bin/MAX32665/softfp/libPeriphDriver_softfp.a(uart_reva.o)
                0x10001ec4                MXC_UART_RevA_ReadCharacterRaw
 .text.MXC_UART_RevA_WriteCharacterRaw
                0x10001ef8       0x34 C:/MaximSDK/Libraries/PeriphDrivers/bin/MAX32665/softfp/libPeriphDriver_softfp.a(uart_reva.o)
                0x10001ef8                MXC_UART_RevA_WriteCharacterRaw
 .text.MXC_UART_RevA_ReadRXFIFO
                0x10001f2c       0x24 C:/MaximSDK/Libraries/PeriphDrivers/bin/MAX32665/softfp/libPeriphDriver_softfp.a(uart_reva.o)
                0x10001f2c                MXC_UART_RevA_ReadRXFIFO
 .text.MXC_UART_RevA_GetRXFIFOAvailable
                0x10001f50        0x8 C:/MaximSDK/Libraries/PeriphDrivers/bin/MAX32665/softfp/libPeriphDriver_softfp.a(uart_reva.o)
                0x10001f50                MXC_UART_RevA_GetRXFIFOAvailable
 .text.MXC_UART_RevA_GetTXFIFOAvailable
                0x10001f58        0xc C:/MaximSDK/Libraries/PeriphDrivers/bin/MAX32665/softfp/libPeriphDriver_softfp.a(uart_reva.o)
                0x10001f58                MXC_UART_RevA_GetTXFIFOAvailable
 .text.MXC_UART_RevA_SetRXThreshold
                0x10001f64       0x40 C:/MaximSDK/Libraries/PeriphDrivers/bin/MAX32665/softfp/libPeriphDriver_softfp.a(uart_reva.o)
                0x10001f64                MXC_UART_RevA_SetRXThreshold
 .text.MXC_UART_RevA_SetTXThreshold
                0x10001fa4       0x40 C:/MaximSDK/Libraries/PeriphDrivers/bin/MAX32665/softfp/libPeriphDriver_softfp.a(uart_reva.o)
                0x10001fa4                MXC_UART_RevA_SetTXThreshold
 .text.MXC_UART_RevA_GetFlags
                0x10001fe4        0x4 C:/MaximSDK/Libraries/PeriphDrivers/bin/MAX32665/softfp/libPeriphDriver_softfp.a(uart_reva.o)
                0x10001fe4                MXC_UART_RevA_GetFlags
 .text.MXC_UART_RevA_ClearFlags
                0x10001fe8       0x28 C:/MaximSDK/Libraries/PeriphDrivers/bin/MAX32665/softfp/libPeriphDriver_softfp.a(uart_reva.o)
                0x10001fe8                MXC_UART_RevA_ClearFlags
 .text.MXC_UART_RevA_EnableInt
                0x10002010       0x2c C:/MaximSDK/Libraries/PeriphDrivers/bin/MAX32665/softfp/libPeriphDriver_softfp.a(uart_reva.o)
                0x10002010                MXC_UART_RevA_EnableInt
 .text.MXC_UART_RevA_DisableInt
                0x1000203c       0x2c C:/MaximSDK/Libraries/PeriphDrivers/bin/MAX32665/softfp/libPeriphDriver_softfp.a(uart_reva.o)
                0x1000203c                MXC_UART_RevA_DisableInt
 .text.MXC_GetLock
                0x10002068       0x1c C:/MaximSDK/Libraries/PeriphDrivers/bin/MAX32665/softfp/libPeriphDriver_softfp.a(mxc_lock.o)
                0x10002068                MXC_GetLock
 .text.MXC_FreeLock
                0x10002084        0xa C:/MaximSDK/Libraries/PeriphDrivers/bin/MAX32665/softfp/libPeriphDriver_softfp.a(mxc_lock.o)
                0x10002084                MXC_FreeLock
 *fill*         0x1000208e        0x2 
 .text.MXC_GPIO_Common_Handler
                0x10002090       0x78 C:/MaximSDK/Libraries/PeriphDrivers/bin/MAX32665/softfp/libPeriphDriver_softfp.a(gpio_common.o)
                0x10002090                MXC_GPIO_Common_Handler
 .text.MXC_UART_Common_ReadCharacter
                0x10002108       0x16 C:/MaximSDK/Libraries/PeriphDrivers/bin/MAX32665/softfp/libPeriphDriver_softfp.a(uart_common.o)
                0x10002108                MXC_UART_Common_ReadCharacter
 .text.MXC_UART_Common_WriteCharacter
                0x1000211e       0x1a C:/MaximSDK/Libraries/PeriphDrivers/bin/MAX32665/softfp/libPeriphDriver_softfp.a(uart_common.o)
                0x1000211e                MXC_UART_Common_WriteCharacter
 .text.__errno  0x10002138        0xc c:/maximsdk/tools/gnutools/10.3/bin/../lib/gcc/arm-none-eabi/10.3.1/../../../../arm-none-eabi/lib/thumb/v7e-m+fp/softfp\libc.a(lib_a-errno.o)
                0x10002138                __errno
 .text.__libc_init_array
                0x10002144       0x48 c:/maximsdk/tools/gnutools/10.3/bin/../lib/gcc/arm-none-eabi/10.3.1/../../../../arm-none-eabi/lib/thumb/v7e-m+fp/softfp\libc.a(lib_a-init.o)
                0x10002144                __libc_init_array
 .text.memcmp   0x1000218c       0x64 c:/maximsdk/tools/gnutools/10.3/bin/../lib/gcc/arm-none-eabi/10.3.1/../../../../arm-none-eabi/lib/thumb/v7e-m+fp/softfp\libc.a(lib_a-memcmp.o)
                0x1000218c                memcmp
 .text          0x100021f0      0x134 c:/maximsdk/tools/gnutools/10.3/bin/../lib/gcc/arm-none-eabi/10.3.1/../../../../arm-none-eabi/lib/thumb/v7e-m+fp/softfp\libc.a(lib_a-memcpy.o)
                0x100021f0                memcpy
 .text.memset   0x10002324       0xa4 c:/maximsdk/tools/gnutools/10.3/bin/../lib/gcc/arm-none-eabi/10.3.1/../../../../arm-none-eabi/lib/thumb/v7e-m+fp/softfp\libc.a(lib_a-memset.o)
                0x10002324                memset
 .text.printf   0x100023c8       0x28 c:/maximsdk/tools/gnutools/10.3/bin/../lib/gcc/arm-none-eabi/10.3.1/../../../../arm-none-eabi/lib/thumb/v7e-m+fp/softfp\libc.a(lib_a-printf.o)
                0x100023c8                printf
 .text._puts_r  0x100023f0       0x9c c:/maximsdk/tools/gnutools/10.3/bin/../lib/gcc/arm-none-eabi/10.3.1/../../../../arm-none-eabi/lib/thumb/v7e-m+fp/softfp\libc.a(lib_a-puts.o)
                0x100023f0                _puts_r
 .text.puts     0x1000248c       0x10 c:/maximsdk/tools/gnutools/10.3/bin/../lib/gcc/arm-none-eabi/10.3.1/../../../../arm-none-eabi/lib/thumb/v7e-m+fp/softfp\libc.a(lib_a-puts.o)
                0x1000248c                puts
 *fill*         0x1000249c       0x24 
 .text          0x100024c0       0xdc c:/maximsdk/tools/gnutools/10.3/bin/../lib/gcc/arm-none-eabi/10.3.1/../../../../arm-none-eabi/lib/thumb/v7e-m+fp/softfp\libc.a(lib_a-strlen.o)
                0x100024c0                strlen
 *fill*         0x1000259c        0x4 
 .text._vfprintf_r
                0x100025a0     0x1b8c c:/maximsdk/tools/gnutools/10.3/bin/../lib/gcc/arm-none-eabi/10.3.1/../../../../arm-none-eabi/lib/thumb/v7e-m+fp/softfp\libc.a(lib_a-vfprintf.o)
                0x100025a0                _vfprintf_r
 .text.__sbprintf
                0x1000412c       0x80 c:/maximsdk/tools/gnutools/10.3/bin/../lib/gcc/arm-none-eabi/10.3.1/../../../../arm-none-eabi/lib/thumb/v7e-m+fp/softfp\libc.a(lib_a-vfprintf.o)
 .text.__swsetup_r
                0x100041ac       0xd4 c:/maximsdk/tools/gnutools/10.3/bin/../lib/gcc/arm-none-eabi/10.3.1/../../../../arm-none-eabi/lib/thumb/v7e-m+fp/softfp\libc.a(lib_a-wsetup.o)
                0x100041ac                __swsetup_r
 .text.startup.register_fini
                0x10004280       0x14 c:/maximsdk/tools/gnutools/10.3/bin/../lib/gcc/arm-none-eabi/10.3.1/../../../../arm-none-eabi/lib/thumb/v7e-m+fp/softfp\libc.a(lib_a-__call_atexit.o)
 .text.atexit   0x10004294        0xc c:/maximsdk/tools/gnutools/10.3/bin/../lib/gcc/arm-none-eabi/10.3.1/../../../../arm-none-eabi/lib/thumb/v7e-m+fp/softfp\libc.a(lib_a-atexit.o)
                0x10004294                atexit
 .text.quorem   0x100042a0      0x128 c:/maximsdk/tools/gnutools/10.3/bin/../lib/gcc/arm-none-eabi/10.3.1/../../../../arm-none-eabi/lib/thumb/v7e-m+fp/softfp\libc.a(lib_a-dtoa.o)
 .text._dtoa_r  0x100043c8      0xf34 c:/maximsdk/tools/gnutools/10.3/bin/../lib/gcc/arm-none-eabi/10.3.1/../../../../arm-none-eabi/lib/thumb/v7e-m+fp/softfp\libc.a(lib_a-dtoa.o)
                0x100043c8                _dtoa_r
 .text.__sflush_r
                0x100052fc      0x130 c:/maximsdk/tools/gnutools/10.3/bin/../lib/gcc/arm-none-eabi/10.3.1/../../../../arm-none-eabi/lib/thumb/v7e-m+fp/softfp\libc.a(lib_a-fflush.o)
                0x100052fc                __sflush_r
 .text._fflush_r
                0x1000542c       0x5c c:/maximsdk/tools/gnutools/10.3/bin/../lib/gcc/arm-none-eabi/10.3.1/../../../../arm-none-eabi/lib/thumb/v7e-m+fp/softfp\libc.a(lib_a-fflush.o)
                0x1000542c                _fflush_r
 .text._cleanup_r
                0x10005488        0xc c:/maximsdk/tools/gnutools/10.3/bin/../lib/gcc/arm-none-eabi/10.3.1/../../../../arm-none-eabi/lib/thumb/v7e-m+fp/softfp\libc.a(lib_a-findfp.o)
                0x10005488                _cleanup_r
 .text.__sinit  0x10005494      0x10c c:/maximsdk/tools/gnutools/10.3/bin/../lib/gcc/arm-none-eabi/10.3.1/../../../../arm-none-eabi/lib/thumb/v7e-m+fp/softfp\libc.a(lib_a-findfp.o)
                0x10005494                __sinit
 .text.__sfp_lock_acquire
                0x100055a0        0xc c:/maximsdk/tools/gnutools/10.3/bin/../lib/gcc/arm-none-eabi/10.3.1/../../../../arm-none-eabi/lib/thumb/v7e-m+fp/softfp\libc.a(lib_a-findfp.o)
                0x100055a0                __sfp_lock_acquire
 .text.__sfp_lock_release
                0x100055ac        0xc c:/maximsdk/tools/gnutools/10.3/bin/../lib/gcc/arm-none-eabi/10.3.1/../../../../arm-none-eabi/lib/thumb/v7e-m+fp/softfp\libc.a(lib_a-findfp.o)
                0x100055ac                __sfp_lock_release
 .text.__libc_fini_array
                0x100055b8       0x2c c:/maximsdk/tools/gnutools/10.3/bin/../lib/gcc/arm-none-eabi/10.3.1/../../../../arm-none-eabi/lib/thumb/v7e-m+fp/softfp\libc.a(lib_a-fini.o)
                0x100055b8                __libc_fini_array
 .text._malloc_trim_r
                0x100055e4       0xa0 c:/maximsdk/tools/gnutools/10.3/bin/../lib/gcc/arm-none-eabi/10.3.1/../../../../arm-none-eabi/lib/thumb/v7e-m+fp/softfp\libc.a(lib_a-freer.o)
                0x100055e4                _malloc_trim_r
 .text._free_r  0x10005684      0x20c c:/maximsdk/tools/gnutools/10.3/bin/../lib/gcc/arm-none-eabi/10.3.1/../../../../arm-none-eabi/lib/thumb/v7e-m+fp/softfp\libc.a(lib_a-freer.o)
                0x10005684                _free_r
 .text.__sfvwrite_r
                0x10005890      0x2f0 c:/maximsdk/tools/gnutools/10.3/bin/../lib/gcc/arm-none-eabi/10.3.1/../../../../arm-none-eabi/lib/thumb/v7e-m+fp/softfp\libc.a(lib_a-fvwrite.o)
                0x10005890                __sfvwrite_r
 .text._fwalk_reent
                0x10005b80       0x48 c:/maximsdk/tools/gnutools/10.3/bin/../lib/gcc/arm-none-eabi/10.3.1/../../../../arm-none-eabi/lib/thumb/v7e-m+fp/softfp\libc.a(lib_a-fwalk.o)
                0x10005b80                _fwalk_reent
 .text._localeconv_r
                0x10005bc8        0x8 c:/maximsdk/tools/gnutools/10.3/bin/../lib/gcc/arm-none-eabi/10.3.1/../../../../arm-none-eabi/lib/thumb/v7e-m+fp/softfp\libc.a(lib_a-localeconv.o)
                0x10005bc8                _localeconv_r
 .text.__retarget_lock_init_recursive
                0x10005bd0        0x4 c:/maximsdk/tools/gnutools/10.3/bin/../lib/gcc/arm-none-eabi/10.3.1/../../../../arm-none-eabi/lib/thumb/v7e-m+fp/softfp\libc.a(lib_a-lock.o)
                0x10005bd0                __retarget_lock_init_recursive
 .text.__retarget_lock_close_recursive
                0x10005bd4        0x4 c:/maximsdk/tools/gnutools/10.3/bin/../lib/gcc/arm-none-eabi/10.3.1/../../../../arm-none-eabi/lib/thumb/v7e-m+fp/softfp\libc.a(lib_a-lock.o)
                0x10005bd4                __retarget_lock_close_recursive
 .text.__retarget_lock_acquire_recursive
                0x10005bd8        0x4 c:/maximsdk/tools/gnutools/10.3/bin/../lib/gcc/arm-none-eabi/10.3.1/../../../../arm-none-eabi/lib/thumb/v7e-m+fp/softfp\libc.a(lib_a-lock.o)
                0x10005bd8                __retarget_lock_acquire_recursive
 .text.__retarget_lock_release_recursive
                0x10005bdc        0x4 c:/maximsdk/tools/gnutools/10.3/bin/../lib/gcc/arm-none-eabi/10.3.1/../../../../arm-none-eabi/lib/thumb/v7e-m+fp/softfp\libc.a(lib_a-lock.o)
                0x10005bdc                __retarget_lock_release_recursive
 .text.__smakebuf_r
                0x10005be0       0xe0 c:/maximsdk/tools/gnutools/10.3/bin/../lib/gcc/arm-none-eabi/10.3.1/../../../../arm-none-eabi/lib/thumb/v7e-m+fp/softfp\libc.a(lib_a-makebuf.o)
                0x10005be0                __smakebuf_r
 .text._malloc_r
                0x10005cc0      0x560 c:/maximsdk/tools/gnutools/10.3/bin/../lib/gcc/arm-none-eabi/10.3.1/../../../../arm-none-eabi/lib/thumb/v7e-m+fp/softfp\libc.a(lib_a-mallocr.o)
                0x10005cc0                _malloc_r
 .text          0x10006220       0xa0 c:/maximsdk/tools/gnutools/10.3/bin/../lib/gcc/arm-none-eabi/10.3.1/../../../../arm-none-eabi/lib/thumb/v7e-m+fp/softfp\libc.a(lib_a-memchr.o)
                0x10006220                memchr
 .text.memmove  0x100062c0       0xf8 c:/maximsdk/tools/gnutools/10.3/bin/../lib/gcc/arm-none-eabi/10.3.1/../../../../arm-none-eabi/lib/thumb/v7e-m+fp/softfp\libc.a(lib_a-memmove.o)
                0x100062c0                memmove
 .text.__malloc_lock
                0x100063b8        0xc c:/maximsdk/tools/gnutools/10.3/bin/../lib/gcc/arm-none-eabi/10.3.1/../../../../arm-none-eabi/lib/thumb/v7e-m+fp/softfp\libc.a(lib_a-mlock.o)
                0x100063b8                __malloc_lock
 .text.__malloc_unlock
                0x100063c4        0xc c:/maximsdk/tools/gnutools/10.3/bin/../lib/gcc/arm-none-eabi/10.3.1/../../../../arm-none-eabi/lib/thumb/v7e-m+fp/softfp\libc.a(lib_a-mlock.o)
                0x100063c4                __malloc_unlock
 .text._Balloc  0x100063d0       0x4c c:/maximsdk/tools/gnutools/10.3/bin/../lib/gcc/arm-none-eabi/10.3.1/../../../../arm-none-eabi/lib/thumb/v7e-m+fp/softfp\libc.a(lib_a-mprec.o)
                0x100063d0                _Balloc
 .text._Bfree   0x1000641c       0x14 c:/maximsdk/tools/gnutools/10.3/bin/../lib/gcc/arm-none-eabi/10.3.1/../../../../arm-none-eabi/lib/thumb/v7e-m+fp/softfp\libc.a(lib_a-mprec.o)
                0x1000641c                _Bfree
 .text.__multadd
                0x10006430       0xa8 c:/maximsdk/tools/gnutools/10.3/bin/../lib/gcc/arm-none-eabi/10.3.1/../../../../arm-none-eabi/lib/thumb/v7e-m+fp/softfp\libc.a(lib_a-mprec.o)
                0x10006430                __multadd
 .text.__hi0bits
                0x100064d8       0x40 c:/maximsdk/tools/gnutools/10.3/bin/../lib/gcc/arm-none-eabi/10.3.1/../../../../arm-none-eabi/lib/thumb/v7e-m+fp/softfp\libc.a(lib_a-mprec.o)
                0x100064d8                __hi0bits
 .text.__lo0bits
                0x10006518       0x60 c:/maximsdk/tools/gnutools/10.3/bin/../lib/gcc/arm-none-eabi/10.3.1/../../../../arm-none-eabi/lib/thumb/v7e-m+fp/softfp\libc.a(lib_a-mprec.o)
                0x10006518                __lo0bits
 .text.__i2b    0x10006578       0x5c c:/maximsdk/tools/gnutools/10.3/bin/../lib/gcc/arm-none-eabi/10.3.1/../../../../arm-none-eabi/lib/thumb/v7e-m+fp/softfp\libc.a(lib_a-mprec.o)
                0x10006578                __i2b
 .text.__multiply
                0x100065d4      0x15c c:/maximsdk/tools/gnutools/10.3/bin/../lib/gcc/arm-none-eabi/10.3.1/../../../../arm-none-eabi/lib/thumb/v7e-m+fp/softfp\libc.a(lib_a-mprec.o)
                0x100065d4                __multiply
 .text.__pow5mult
                0x10006730       0xc0 c:/maximsdk/tools/gnutools/10.3/bin/../lib/gcc/arm-none-eabi/10.3.1/../../../../arm-none-eabi/lib/thumb/v7e-m+fp/softfp\libc.a(lib_a-mprec.o)
                0x10006730                __pow5mult
 .text.__lshift
                0x100067f0       0xf0 c:/maximsdk/tools/gnutools/10.3/bin/../lib/gcc/arm-none-eabi/10.3.1/../../../../arm-none-eabi/lib/thumb/v7e-m+fp/softfp\libc.a(lib_a-mprec.o)
                0x100067f0                __lshift
 .text.__mcmp   0x100068e0       0x44 c:/maximsdk/tools/gnutools/10.3/bin/../lib/gcc/arm-none-eabi/10.3.1/../../../../arm-none-eabi/lib/thumb/v7e-m+fp/softfp\libc.a(lib_a-mprec.o)
                0x100068e0                __mcmp
 .text.__mdiff  0x10006924      0x14c c:/maximsdk/tools/gnutools/10.3/bin/../lib/gcc/arm-none-eabi/10.3.1/../../../../arm-none-eabi/lib/thumb/v7e-m+fp/softfp\libc.a(lib_a-mprec.o)
                0x10006924                __mdiff
 .text.__d2b    0x10006a70       0xc4 c:/maximsdk/tools/gnutools/10.3/bin/../lib/gcc/arm-none-eabi/10.3.1/../../../../arm-none-eabi/lib/thumb/v7e-m+fp/softfp\libc.a(lib_a-mprec.o)
                0x10006a70                __d2b
 .text._realloc_r
                0x10006b34      0x3d8 c:/maximsdk/tools/gnutools/10.3/bin/../lib/gcc/arm-none-eabi/10.3.1/../../../../arm-none-eabi/lib/thumb/v7e-m+fp/softfp\libc.a(lib_a-reallocr.o)
                0x10006b34                _realloc_r
 .text.frexp    0x10006f0c       0x70 c:/maximsdk/tools/gnutools/10.3/bin/../lib/gcc/arm-none-eabi/10.3.1/../../../../arm-none-eabi/lib/thumb/v7e-m+fp/softfp\libc.a(lib_a-s_frexp.o)
                0x10006f0c                frexp
 .text._sbrk_r  0x10006f7c       0x24 c:/maximsdk/tools/gnutools/10.3/bin/../lib/gcc/arm-none-eabi/10.3.1/../../../../arm-none-eabi/lib/thumb/v7e-m+fp/softfp\libc.a(lib_a-sbrkr.o)
                0x10006f7c                _sbrk_r
 .text.__sread  0x10006fa0       0x24 c:/maximsdk/tools/gnutools/10.3/bin/../lib/gcc/arm-none-eabi/10.3.1/../../../../arm-none-eabi/lib/thumb/v7e-m+fp/softfp\libc.a(lib_a-stdio.o)
                0x10006fa0                __sread
 .text.__swrite
                0x10006fc4       0x40 c:/maximsdk/tools/gnutools/10.3/bin/../lib/gcc/arm-none-eabi/10.3.1/../../../../arm-none-eabi/lib/thumb/v7e-m+fp/softfp\libc.a(lib_a-stdio.o)
                0x10006fc4                __swrite
 .text.__sseek  0x10007004       0x20 c:/maximsdk/tools/gnutools/10.3/bin/../lib/gcc/arm-none-eabi/10.3.1/../../../../arm-none-eabi/lib/thumb/v7e-m+fp/softfp\libc.a(lib_a-stdio.o)
                0x10007004                __sseek
 .text.__sclose
                0x10007024        0x8 c:/maximsdk/tools/gnutools/10.3/bin/../lib/gcc/arm-none-eabi/10.3.1/../../../../arm-none-eabi/lib/thumb/v7e-m+fp/softfp\libc.a(lib_a-stdio.o)
                0x10007024                __sclose
 .text.strncpy  0x1000702c       0x64 c:/maximsdk/tools/gnutools/10.3/bin/../lib/gcc/arm-none-eabi/10.3.1/../../../../arm-none-eabi/lib/thumb/v7e-m+fp/softfp\libc.a(lib_a-strncpy.o)
                0x1000702c                strncpy
 .text.__sprint_r.part.0
                0x10007090       0x78 c:/maximsdk/tools/gnutools/10.3/bin/../lib/gcc/arm-none-eabi/10.3.1/../../../../arm-none-eabi/lib/thumb/v7e-m+fp/softfp\libc.a(lib_a-vfiprintf.o)
 .text.__sprint_r
                0x10007108       0x18 c:/maximsdk/tools/gnutools/10.3/bin/../lib/gcc/arm-none-eabi/10.3.1/../../../../arm-none-eabi/lib/thumb/v7e-m+fp/softfp\libc.a(lib_a-vfiprintf.o)
                0x10007108                __sprint_r
 .text._vfiprintf_r
                0x10007120      0xdfc c:/maximsdk/tools/gnutools/10.3/bin/../lib/gcc/arm-none-eabi/10.3.1/../../../../arm-none-eabi/lib/thumb/v7e-m+fp/softfp\libc.a(lib_a-vfiprintf.o)
                0x10007120                _vfiprintf_r
 .text.__sbprintf
                0x10007f1c       0x80 c:/maximsdk/tools/gnutools/10.3/bin/../lib/gcc/arm-none-eabi/10.3.1/../../../../arm-none-eabi/lib/thumb/v7e-m+fp/softfp\libc.a(lib_a-vfiprintf.o)
 .text._write_r
                0x10007f9c       0x2c c:/maximsdk/tools/gnutools/10.3/bin/../lib/gcc/arm-none-eabi/10.3.1/../../../../arm-none-eabi/lib/thumb/v7e-m+fp/softfp\libc.a(lib_a-writer.o)
                0x10007f9c                _write_r
 .text.__register_exitproc
                0x10007fc8       0x8c c:/maximsdk/tools/gnutools/10.3/bin/../lib/gcc/arm-none-eabi/10.3.1/../../../../arm-none-eabi/lib/thumb/v7e-m+fp/softfp\libc.a(lib_a-__atexit.o)
                0x10007fc8                __register_exitproc
 .text.__assert_func
                0x10008054       0x40 c:/maximsdk/tools/gnutools/10.3/bin/../lib/gcc/arm-none-eabi/10.3.1/../../../../arm-none-eabi/lib/thumb/v7e-m+fp/softfp\libc.a(lib_a-assert.o)
                0x10008054                __assert_func
 .text._calloc_r
                0x10008094       0x78 c:/maximsdk/tools/gnutools/10.3/bin/../lib/gcc/arm-none-eabi/10.3.1/../../../../arm-none-eabi/lib/thumb/v7e-m+fp/softfp\libc.a(lib_a-callocr.o)
                0x10008094                _calloc_r
 .text._close_r
                0x1000810c       0x24 c:/maximsdk/tools/gnutools/10.3/bin/../lib/gcc/arm-none-eabi/10.3.1/../../../../arm-none-eabi/lib/thumb/v7e-m+fp/softfp\libc.a(lib_a-closer.o)
                0x1000810c                _close_r
 .text._fclose_r
                0x10008130       0xcc c:/maximsdk/tools/gnutools/10.3/bin/../lib/gcc/arm-none-eabi/10.3.1/../../../../arm-none-eabi/lib/thumb/v7e-m+fp/softfp\libc.a(lib_a-fclose.o)
                0x10008130                _fclose_r
 .text.fiprintf
                0x100081fc       0x28 c:/maximsdk/tools/gnutools/10.3/bin/../lib/gcc/arm-none-eabi/10.3.1/../../../../arm-none-eabi/lib/thumb/v7e-m+fp/softfp\libc.a(lib_a-fiprintf.o)
                0x100081fc                fiprintf
 .text.__fputwc
                0x10008224       0xa8 c:/maximsdk/tools/gnutools/10.3/bin/../lib/gcc/arm-none-eabi/10.3.1/../../../../arm-none-eabi/lib/thumb/v7e-m+fp/softfp\libc.a(lib_a-fputwc.o)
                0x10008224                __fputwc
 .text._fputwc_r
                0x100082cc       0x68 c:/maximsdk/tools/gnutools/10.3/bin/../lib/gcc/arm-none-eabi/10.3.1/../../../../arm-none-eabi/lib/thumb/v7e-m+fp/softfp\libc.a(lib_a-fputwc.o)
                0x100082cc                _fputwc_r
 .text._fstat_r
                0x10008334       0x2c c:/maximsdk/tools/gnutools/10.3/bin/../lib/gcc/arm-none-eabi/10.3.1/../../../../arm-none-eabi/lib/thumb/v7e-m+fp/softfp\libc.a(lib_a-fstatr.o)
                0x10008334                _fstat_r
 .text._isatty_r
                0x10008360       0x24 c:/maximsdk/tools/gnutools/10.3/bin/../lib/gcc/arm-none-eabi/10.3.1/../../../../arm-none-eabi/lib/thumb/v7e-m+fp/softfp\libc.a(lib_a-isattyr.o)
                0x10008360                _isatty_r
 .text.__locale_mb_cur_max
                0x10008384        0xc c:/maximsdk/tools/gnutools/10.3/bin/../lib/gcc/arm-none-eabi/10.3.1/../../../../arm-none-eabi/lib/thumb/v7e-m+fp/softfp\libc.a(lib_a-locale.o)
                0x10008384                __locale_mb_cur_max
 .text._lseek_r
                0x10008390       0x2c c:/maximsdk/tools/gnutools/10.3/bin/../lib/gcc/arm-none-eabi/10.3.1/../../../../arm-none-eabi/lib/thumb/v7e-m+fp/softfp\libc.a(lib_a-lseekr.o)
                0x10008390                _lseek_r
 .text.__ascii_mbtowc
                0x100083bc       0x2c c:/maximsdk/tools/gnutools/10.3/bin/../lib/gcc/arm-none-eabi/10.3.1/../../../../arm-none-eabi/lib/thumb/v7e-m+fp/softfp\libc.a(lib_a-mbtowc_r.o)
                0x100083bc                __ascii_mbtowc
 .text._read_r  0x100083e8       0x2c c:/maximsdk/tools/gnutools/10.3/bin/../lib/gcc/arm-none-eabi/10.3.1/../../../../arm-none-eabi/lib/thumb/v7e-m+fp/softfp\libc.a(lib_a-readr.o)
                0x100083e8                _read_r
 .text.__swbuf_r
                0x10008414       0xb0 c:/maximsdk/tools/gnutools/10.3/bin/../lib/gcc/arm-none-eabi/10.3.1/../../../../arm-none-eabi/lib/thumb/v7e-m+fp/softfp\libc.a(lib_a-wbuf.o)
                0x10008414                __swbuf_r
 .text._wcrtomb_r
                0x100084c4       0x3c c:/maximsdk/tools/gnutools/10.3/bin/../lib/gcc/arm-none-eabi/10.3.1/../../../../arm-none-eabi/lib/thumb/v7e-m+fp/softfp\libc.a(lib_a-wcrtomb.o)
                0x100084c4                _wcrtomb_r
 .text.__ascii_wctomb
                0x10008500       0x1c c:/maximsdk/tools/gnutools/10.3/bin/../lib/gcc/arm-none-eabi/10.3.1/../../../../arm-none-eabi/lib/thumb/v7e-m+fp/softfp\libc.a(lib_a-wctomb_r.o)
                0x10008500                __ascii_wctomb
 .text.abort    0x1000851c       0x10 c:/maximsdk/tools/gnutools/10.3/bin/../lib/gcc/arm-none-eabi/10.3.1/../../../../arm-none-eabi/lib/thumb/v7e-m+fp/softfp\libc.a(lib_a-abort.o)
                0x1000851c                abort
 .text.raise    0x1000852c       0x5c c:/maximsdk/tools/gnutools/10.3/bin/../lib/gcc/arm-none-eabi/10.3.1/../../../../arm-none-eabi/lib/thumb/v7e-m+fp/softfp\libc.a(lib_a-signal.o)
                0x1000852c                raise
 .text._kill_r  0x10008588       0x2c c:/maximsdk/tools/gnutools/10.3/bin/../lib/gcc/arm-none-eabi/10.3.1/../../../../arm-none-eabi/lib/thumb/v7e-m+fp/softfp\libc.a(lib_a-signalr.o)
                0x10008588                _kill_r
 .text._getpid_r
                0x100085b4        0x4 c:/maximsdk/tools/gnutools/10.3/bin/../lib/gcc/arm-none-eabi/10.3.1/../../../../arm-none-eabi/lib/thumb/v7e-m+fp/softfp\libc.a(lib_a-signalr.o)
                0x100085b4                _getpid_r
 .text._getpid  0x100085b8       0x10 c:/maximsdk/tools/gnutools/10.3/bin/../lib/gcc/arm-none-eabi/10.3.1/../../../../arm-none-eabi/lib/thumb/v7e-m+fp/softfp\libnosys.a(getpid.o)
                0x100085b8                _getpid
 .text._kill    0x100085c8       0x10 c:/maximsdk/tools/gnutools/10.3/bin/../lib/gcc/arm-none-eabi/10.3.1/../../../../arm-none-eabi/lib/thumb/v7e-m+fp/softfp\libnosys.a(kill.o)
                0x100085c8                _kill
 .text._exit    0x100085d8        0x4 c:/maximsdk/tools/gnutools/10.3/bin/../lib/gcc/arm-none-eabi/10.3.1/../../../../arm-none-eabi/lib/thumb/v7e-m+fp/softfp\libnosys.a(_exit.o)
                0x100085d8                _exit
 .text          0x100085dc      0x378 c:/maximsdk/tools/gnutools/10.3/bin/../lib/gcc/arm-none-eabi/10.3.1/thumb/v7e-m+fp/softfp\libgcc.a(_arm_addsubdf3.o)
                0x100085dc                __aeabi_drsub
                0x100085e4                __aeabi_dsub
                0x100085e4                __subdf3
                0x100085e8                __aeabi_dadd
                0x100085e8                __adddf3
                0x10008860                __floatunsidf
                0x10008860                __aeabi_ui2d
                0x10008880                __floatsidf
                0x10008880                __aeabi_i2d
                0x100088a4                __aeabi_f2d
                0x100088a4                __extendsfdf2
                0x100088e8                __floatundidf
                0x100088e8                __aeabi_ul2d
                0x100088f8                __floatdidf
                0x100088f8                __aeabi_l2d
 .text          0x10008954      0x424 c:/maximsdk/tools/gnutools/10.3/bin/../lib/gcc/arm-none-eabi/10.3.1/thumb/v7e-m+fp/softfp\libgcc.a(_arm_muldivdf3.o)
                0x10008954                __aeabi_dmul
                0x10008954                __muldf3
                0x10008ba8                __divdf3
                0x10008ba8                __aeabi_ddiv
 .text          0x10008d78      0x110 c:/maximsdk/tools/gnutools/10.3/bin/../lib/gcc/arm-none-eabi/10.3.1/thumb/v7e-m+fp/softfp\libgcc.a(_arm_cmpdf2.o)
                0x10008d78                __gtdf2
                0x10008d78                __gedf2
                0x10008d80                __ltdf2
                0x10008d80                __ledf2
                0x10008d88                __nedf2
                0x10008d88                __eqdf2
                0x10008d88                __cmpdf2
                0x10008e04                __aeabi_cdrcmple
                0x10008e14                __aeabi_cdcmpeq
                0x10008e14                __aeabi_cdcmple
                0x10008e24                __aeabi_dcmpeq
                0x10008e38                __aeabi_dcmplt
                0x10008e4c                __aeabi_dcmple
                0x10008e60                __aeabi_dcmpge
                0x10008e74                __aeabi_dcmpgt
 .text          0x10008e88       0x2c c:/maximsdk/tools/gnutools/10.3/bin/../lib/gcc/arm-none-eabi/10.3.1/thumb/v7e-m+fp/softfp\libgcc.a(_arm_unorddf2.o)
                0x10008e88                __unorddf2
                0x10008e88                __aeabi_dcmpun
 .text          0x10008eb4       0x50 c:/maximsdk/tools/gnutools/10.3/bin/../lib/gcc/arm-none-eabi/10.3.1/thumb/v7e-m+fp/softfp\libgcc.a(_arm_fixdfsi.o)
                0x10008eb4                __aeabi_d2iz
                0x10008eb4                __fixdfsi
 .text          0x10008f04       0x30 c:/maximsdk/tools/gnutools/10.3/bin/../lib/gcc/arm-none-eabi/10.3.1/thumb/v7e-m+fp/softfp\libgcc.a(_aeabi_uldivmod.o)
                0x10008f04                __aeabi_uldivmod
 .text          0x10008f34      0x2d0 c:/maximsdk/tools/gnutools/10.3/bin/../lib/gcc/arm-none-eabi/10.3.1/thumb/v7e-m+fp/softfp\libgcc.a(_udivmoddi4.o)
                0x10008f34                __udivmoddi4
 .text          0x10009204        0x4 c:/maximsdk/tools/gnutools/10.3/bin/../lib/gcc/arm-none-eabi/10.3.1/thumb/v7e-m+fp/softfp\libgcc.a(_dvmd_tls.o)
                0x10009204                __aeabi_idiv0
                0x10009204                __aeabi_ldiv0
 *(.rodata*)
 .rodata.uart_handler.str1.4
                0x10009208        0xa c:/Users/mkurt2/Desktop/UART/build/main.o
 *fill*         0x10009212        0x2 
 .rodata.main.str1.4
                0x10009214       0x20 c:/Users/mkurt2/Desktop/UART/build/main.o
 .rodata.mxc_assert.str1.4
                0x10009234       0x19 c:/Users/mkurt2/Desktop/UART/build/board.o
 *fill*         0x1000924d        0x3 
 .rodata.Board_Init.str1.4
                0x10009250       0x45 c:/Users/mkurt2/Desktop/UART/build/board.o
 *fill*         0x10009295        0x3 
 .rodata        0x10009298       0x10 c:/Users/mkurt2/Desktop/UART/build/board.o
 .rodata.led_pin
                0x100092a8       0x54 c:/Users/mkurt2/Desktop/UART/build/board.o
                0x100092a8                led_pin
 .rodata.num_leds
                0x100092fc        0x4 c:/Users/mkurt2/Desktop/UART/build/board.o
                0x100092fc                num_leds
 .rodata.num_pbs
                0x10009300        0x4 c:/Users/mkurt2/Desktop/UART/build/board.o
                0x10009300                num_pbs
 .rodata.pb_pin
                0x10009304       0x18 c:/Users/mkurt2/Desktop/UART/build/board.o
                0x10009304                pb_pin
 .rodata.LED_On.str1.4
                0x1000931c       0x3b c:/Users/mkurt2/Desktop/UART/build/led.o
 *fill*         0x10009357        0x1 
 .rodata.MXC_SPIXF_RevA_SetCmdWidth.str1.4
                0x10009358       0x62 C:/MaximSDK/Libraries/PeriphDrivers/bin/MAX32665/softfp/libPeriphDriver_softfp.a(spixf_reva.o)
 *fill*         0x100093ba        0x2 
 .rodata.MXC_SPIXF_RevA_Clocks.str1.4
                0x100093bc       0x21 C:/MaximSDK/Libraries/PeriphDrivers/bin/MAX32665/softfp/libPeriphDriver_softfp.a(spixf_reva.o)
 *fill*         0x100093dd        0x3 
 .rodata.MXC_SPIXF_RevA_Transaction.str1.4
                0x100093e0       0x3d C:/MaximSDK/Libraries/PeriphDrivers/bin/MAX32665/softfp/libPeriphDriver_softfp.a(spixf_reva.o)
 *fill*         0x1000941d        0x3 
 .rodata.gpio_cfg_rtcsqw
                0x10009420        0xc C:/MaximSDK/Libraries/PeriphDrivers/bin/MAX32665/softfp/libPeriphDriver_softfp.a(pins_me14.o)
                0x10009420                gpio_cfg_rtcsqw
 .rodata.gpio_cfg_spixfc
                0x1000942c        0xc C:/MaximSDK/Libraries/PeriphDrivers/bin/MAX32665/softfp/libPeriphDriver_softfp.a(pins_me14.o)
                0x1000942c                gpio_cfg_spixfc
 .rodata.gpio_cfg_uart0a
                0x10009438        0xc C:/MaximSDK/Libraries/PeriphDrivers/bin/MAX32665/softfp/libPeriphDriver_softfp.a(pins_me14.o)
                0x10009438                gpio_cfg_uart0a
 .rodata.gpio_cfg_uart0b
                0x10009444        0xc C:/MaximSDK/Libraries/PeriphDrivers/bin/MAX32665/softfp/libPeriphDriver_softfp.a(pins_me14.o)
                0x10009444                gpio_cfg_uart0b
 .rodata.gpio_cfg_uart1a
                0x10009450        0xc C:/MaximSDK/Libraries/PeriphDrivers/bin/MAX32665/softfp/libPeriphDriver_softfp.a(pins_me14.o)
                0x10009450                gpio_cfg_uart1a
 .rodata.gpio_cfg_uart1b
                0x1000945c        0xc C:/MaximSDK/Libraries/PeriphDrivers/bin/MAX32665/softfp/libPeriphDriver_softfp.a(pins_me14.o)
                0x1000945c                gpio_cfg_uart1b
 .rodata.gpio_cfg_uart2a
                0x10009468        0xc C:/MaximSDK/Libraries/PeriphDrivers/bin/MAX32665/softfp/libPeriphDriver_softfp.a(pins_me14.o)
                0x10009468                gpio_cfg_uart2a
 .rodata.gpio_cfg_uart2b
                0x10009474        0xc C:/MaximSDK/Libraries/PeriphDrivers/bin/MAX32665/softfp/libPeriphDriver_softfp.a(pins_me14.o)
                0x10009474                gpio_cfg_uart2b
 .rodata.MXC_GPIO_Common_Handler.str1.4
                0x10009480       0x66 C:/MaximSDK/Libraries/PeriphDrivers/bin/MAX32665/softfp/libPeriphDriver_softfp.a(gpio_common.o)
 *fill*         0x100094e6        0x2 
 .rodata._global_impure_ptr
                0x100094e8        0x4 c:/maximsdk/tools/gnutools/10.3/bin/../lib/gcc/arm-none-eabi/10.3.1/../../../../arm-none-eabi/lib/thumb/v7e-m+fp/softfp\libc.a(lib_a-impure.o)
                0x100094e8                _global_impure_ptr
 .rodata._puts_r.str1.4
                0x100094ec        0x2 c:/maximsdk/tools/gnutools/10.3/bin/../lib/gcc/arm-none-eabi/10.3.1/../../../../arm-none-eabi/lib/thumb/v7e-m+fp/softfp\libc.a(lib_a-puts.o)
 *fill*         0x100094ee        0x2 
 .rodata._vfprintf_r.str1.4
                0x100094f0       0x42 c:/maximsdk/tools/gnutools/10.3/bin/../lib/gcc/arm-none-eabi/10.3.1/../../../../arm-none-eabi/lib/thumb/v7e-m+fp/softfp\libc.a(lib_a-vfprintf.o)
 *fill*         0x10009532        0x2 
 .rodata.blanks.1
                0x10009534       0x10 c:/maximsdk/tools/gnutools/10.3/bin/../lib/gcc/arm-none-eabi/10.3.1/../../../../arm-none-eabi/lib/thumb/v7e-m+fp/softfp\libc.a(lib_a-vfprintf.o)
 .rodata.zeroes.0
                0x10009544       0x10 c:/maximsdk/tools/gnutools/10.3/bin/../lib/gcc/arm-none-eabi/10.3.1/../../../../arm-none-eabi/lib/thumb/v7e-m+fp/softfp\libc.a(lib_a-vfprintf.o)
 .rodata._dtoa_r.str1.4
                0x10009554       0xa2 c:/maximsdk/tools/gnutools/10.3/bin/../lib/gcc/arm-none-eabi/10.3.1/../../../../arm-none-eabi/lib/thumb/v7e-m+fp/softfp\libc.a(lib_a-dtoa.o)
                                 0xa6 (size before relaxing)
 *fill*         0x100095f6        0x2 
 .rodata.__multadd.str1.4
                0x100095f8       0x7f c:/maximsdk/tools/gnutools/10.3/bin/../lib/gcc/arm-none-eabi/10.3.1/../../../../arm-none-eabi/lib/thumb/v7e-m+fp/softfp\libc.a(lib_a-mprec.o)
                                 0x93 (size before relaxing)
 *fill*         0x10009677        0x1 
 .rodata.__mprec_bigtens
                0x10009678       0x28 c:/maximsdk/tools/gnutools/10.3/bin/../lib/gcc/arm-none-eabi/10.3.1/../../../../arm-none-eabi/lib/thumb/v7e-m+fp/softfp\libc.a(lib_a-mprec.o)
                0x10009678                __mprec_bigtens
 .rodata.__mprec_tens
                0x100096a0       0xc8 c:/maximsdk/tools/gnutools/10.3/bin/../lib/gcc/arm-none-eabi/10.3.1/../../../../arm-none-eabi/lib/thumb/v7e-m+fp/softfp\libc.a(lib_a-mprec.o)
                0x100096a0                __mprec_tens
 .rodata.p05.0  0x10009768        0xc c:/maximsdk/tools/gnutools/10.3/bin/../lib/gcc/arm-none-eabi/10.3.1/../../../../arm-none-eabi/lib/thumb/v7e-m+fp/softfp\libc.a(lib_a-mprec.o)
 .rodata._vfiprintf_r.str1.4
                0x10009774       0x2f c:/maximsdk/tools/gnutools/10.3/bin/../lib/gcc/arm-none-eabi/10.3.1/../../../../arm-none-eabi/lib/thumb/v7e-m+fp/softfp\libc.a(lib_a-vfiprintf.o)
 .rodata.blanks.1
                0x10009774       0x10 c:/maximsdk/tools/gnutools/10.3/bin/../lib/gcc/arm-none-eabi/10.3.1/../../../../arm-none-eabi/lib/thumb/v7e-m+fp/softfp\libc.a(lib_a-vfiprintf.o)
 .rodata.zeroes.0
                0x10009784       0x10 c:/maximsdk/tools/gnutools/10.3/bin/../lib/gcc/arm-none-eabi/10.3.1/../../../../arm-none-eabi/lib/thumb/v7e-m+fp/softfp\libc.a(lib_a-vfiprintf.o)
 .rodata.__assert_func.str1.4
                0x10009794       0x3f c:/maximsdk/tools/gnutools/10.3/bin/../lib/gcc/arm-none-eabi/10.3.1/../../../../arm-none-eabi/lib/thumb/v7e-m+fp/softfp\libc.a(lib_a-assert.o)
                                 0x43 (size before relaxing)
 *fill*         0x100097d3        0x1 
 .rodata._setlocale_r.str1.4
                0x100097d4        0xa c:/maximsdk/tools/gnutools/10.3/bin/../lib/gcc/arm-none-eabi/10.3.1/../../../../arm-none-eabi/lib/thumb/v7e-m+fp/softfp\libc.a(lib_a-locale.o)
                                  0xd (size before relaxing)
 *fill*         0x100097de        0x2 
 .rodata.str1.4
                0x100097e0        0x2 c:/maximsdk/tools/gnutools/10.3/bin/../lib/gcc/arm-none-eabi/10.3.1/../../../../arm-none-eabi/lib/thumb/v7e-m+fp/softfp\libc.a(lib_a-locale.o)
 *fill*         0x100097e2        0x2 
 .rodata._ctype_
                0x100097e4      0x101 c:/maximsdk/tools/gnutools/10.3/bin/../lib/gcc/arm-none-eabi/10.3.1/../../../../arm-none-eabi/lib/thumb/v7e-m+fp/softfp\libc.a(lib_a-ctype_.o)
                0x100097e4                _ctype_
 *(.init)
 *fill*         0x100098e5        0x3 
 .init          0x100098e8        0x4 c:/maximsdk/tools/gnutools/10.3/bin/../lib/gcc/arm-none-eabi/10.3.1/thumb/v7e-m+fp/softfp/crti.o
                0x100098e8                _init
 .init          0x100098ec        0x8 c:/maximsdk/tools/gnutools/10.3/bin/../lib/gcc/arm-none-eabi/10.3.1/thumb/v7e-m+fp/softfp/crtn.o
 *(.fini)
 .fini          0x100098f4        0x4 c:/maximsdk/tools/gnutools/10.3/bin/../lib/gcc/arm-none-eabi/10.3.1/thumb/v7e-m+fp/softfp/crti.o
                0x100098f4                _fini
 .fini          0x100098f8        0x8 c:/maximsdk/tools/gnutools/10.3/bin/../lib/gcc/arm-none-eabi/10.3.1/thumb/v7e-m+fp/softfp/crtn.o
 *crtbegin.o(.ctors)
 *crtbegin?.o(.ctors)
 *(EXCLUDE_FILE(*crtend.o *crtend?.o) .ctors)
 *(SORT_BY_NAME(.ctors.*))
 *(.ctors)
 *crtbegin.o(.dtors)
 *crtbegin?.o(.dtors)
 *(EXCLUDE_FILE(*crtend.o *crtend?.o) .dtors)
 *(SORT_BY_NAME(.dtors.*))
 *(.dtors)
 *(.eh_frame*)
 .eh_frame      0x10009900        0x0 c:/maximsdk/tools/gnutools/10.3/bin/../lib/gcc/arm-none-eabi/10.3.1/thumb/v7e-m+fp/softfp/crtbegin.o
 .eh_frame      0x10009900        0x4 c:/maximsdk/tools/gnutools/10.3/bin/../lib/gcc/arm-none-eabi/10.3.1/thumb/v7e-m+fp/softfp/crtend.o
                0x10009904                _etext = .

.glue_7         0x10009904        0x0
 .glue_7        0x10009904        0x0 linker stubs

.glue_7t        0x10009904        0x0
 .glue_7t       0x10009904        0x0 linker stubs

.vfp11_veneer   0x10009904        0x0
 .vfp11_veneer  0x10009904        0x0 linker stubs

.v4_bx          0x10009904        0x0
 .v4_bx         0x10009904        0x0 linker stubs

.iplt           0x10009904        0x0
 .iplt          0x10009904        0x0 c:/maximsdk/tools/gnutools/10.3/bin/../lib/gcc/arm-none-eabi/10.3.1/thumb/v7e-m+fp/softfp/crtbegin.o

.ARM.extab
 *(.ARM.extab* .gnu.linkonce.armextab.*)

.xip_section    0x08000000        0x0 load address 0x10009904
 *(.xip_section*)
                0x10009904                __load_start_xip = LOADADDR (.xip_section)
                0x00000000                __load_length_xip = SIZEOF (.xip_section)

.ARM.exidx      0x10009904        0x8
                0x10009904                __exidx_start = .
 *(.ARM.exidx* .gnu.linkonce.armexidx.*)
 .ARM.exidx     0x10009904        0x8 c:/maximsdk/tools/gnutools/10.3/bin/../lib/gcc/arm-none-eabi/10.3.1/thumb/v7e-m+fp/softfp\libgcc.a(_udivmoddi4.o)
                0x1000990c                __exidx_end = .

.rel.dyn        0x1000990c        0x0
 .rel.iplt      0x1000990c        0x0 c:/maximsdk/tools/gnutools/10.3/bin/../lib/gcc/arm-none-eabi/10.3.1/thumb/v7e-m+fp/softfp/crtbegin.o

.data           0x20000000      0x9dc load address 0x1000990c
                0x20000000                _data = ALIGN (., 0x4)
 *(vtable)
 *(.data*)
 .data.COMMAND_TEST1
                0x20000000        0x7 c:/Users/mkurt2/Desktop/UART/build/main.o
                0x20000000                COMMAND_TEST1
 *fill*         0x20000007        0x1 
 .data.COMMAND_TEST2
                0x20000008        0x7 c:/Users/mkurt2/Desktop/UART/build/main.o
                0x20000008                COMMAND_TEST2
 *fill*         0x2000000f        0x1 
 .data.COMMAND_TEST3
                0x20000010        0x7 c:/Users/mkurt2/Desktop/UART/build/main.o
                0x20000010                COMMAND_TEST3
 *fill*         0x20000017        0x1 
 .data.ConsoleUart
                0x20000018        0x4 c:/Users/mkurt2/Desktop/UART/build/board.o
                0x20000018                ConsoleUart
 .data.SystemCoreClock
                0x2000001c        0x4 c:/Users/mkurt2/Desktop/UART/build/system_max32665.o
                0x2000001c                SystemCoreClock
 .data.overflows
                0x20000020        0x4 C:/MaximSDK/Libraries/PeriphDrivers/bin/MAX32665/softfp/libPeriphDriver_softfp.a(mxc_delay.o)
 .data._impure_ptr
                0x20000024        0x4 c:/maximsdk/tools/gnutools/10.3/bin/../lib/gcc/arm-none-eabi/10.3.1/../../../../arm-none-eabi/lib/thumb/v7e-m+fp/softfp\libc.a(lib_a-impure.o)
                0x20000024                _impure_ptr
 .data.impure_data
                0x20000028      0x428 c:/maximsdk/tools/gnutools/10.3/bin/../lib/gcc/arm-none-eabi/10.3.1/../../../../arm-none-eabi/lib/thumb/v7e-m+fp/softfp\libc.a(lib_a-impure.o)
 .data.__atexit_recursive_mutex
                0x20000450        0x4 c:/maximsdk/tools/gnutools/10.3/bin/../lib/gcc/arm-none-eabi/10.3.1/../../../../arm-none-eabi/lib/thumb/v7e-m+fp/softfp\libc.a(lib_a-__call_atexit.o)
                0x20000450                __atexit_recursive_mutex
 .data.__malloc_av_
                0x20000454      0x408 c:/maximsdk/tools/gnutools/10.3/bin/../lib/gcc/arm-none-eabi/10.3.1/../../../../arm-none-eabi/lib/thumb/v7e-m+fp/softfp\libc.a(lib_a-mallocr.o)
                0x20000454                __malloc_av_
 .data.__malloc_sbrk_base
                0x2000085c        0x4 c:/maximsdk/tools/gnutools/10.3/bin/../lib/gcc/arm-none-eabi/10.3.1/../../../../arm-none-eabi/lib/thumb/v7e-m+fp/softfp\libc.a(lib_a-mallocr.o)
                0x2000085c                __malloc_sbrk_base
 .data.__malloc_trim_threshold
                0x20000860        0x4 c:/maximsdk/tools/gnutools/10.3/bin/../lib/gcc/arm-none-eabi/10.3.1/../../../../arm-none-eabi/lib/thumb/v7e-m+fp/softfp\libc.a(lib_a-mallocr.o)
                0x20000860                __malloc_trim_threshold
 .data.__global_locale
                0x20000864      0x16c c:/maximsdk/tools/gnutools/10.3/bin/../lib/gcc/arm-none-eabi/10.3.1/../../../../arm-none-eabi/lib/thumb/v7e-m+fp/softfp\libc.a(lib_a-locale.o)
                0x20000864                __global_locale
 *(.spix_config*)
 *(.flashprog*)
                0x200009d0                . = ALIGN (0x4)
                0x200009d0                PROVIDE (__preinit_array_start = .)
 *(.preinit_array)
                0x200009d0                PROVIDE (__preinit_array_end = .)
                0x200009d0                . = ALIGN (0x4)
                0x200009d0                PROVIDE (__init_array_start = .)
 *(SORT_BY_NAME(.init_array.*))
 .init_array.00000
                0x200009d0        0x4 c:/maximsdk/tools/gnutools/10.3/bin/../lib/gcc/arm-none-eabi/10.3.1/../../../../arm-none-eabi/lib/thumb/v7e-m+fp/softfp\libc.a(lib_a-__call_atexit.o)
 *(.init_array)
 .init_array    0x200009d4        0x4 c:/maximsdk/tools/gnutools/10.3/bin/../lib/gcc/arm-none-eabi/10.3.1/thumb/v7e-m+fp/softfp/crtbegin.o
                0x200009d8                PROVIDE (__init_array_end = .)
                0x200009d8                . = ALIGN (0x4)
                0x200009d8                PROVIDE (__fini_array_start = .)
 *(SORT_BY_NAME(.fini_array.*))
 *(.fini_array)
 .fini_array    0x200009d8        0x4 c:/maximsdk/tools/gnutools/10.3/bin/../lib/gcc/arm-none-eabi/10.3.1/thumb/v7e-m+fp/softfp/crtbegin.o
                0x200009dc                PROVIDE (__fini_array_end = .)
                0x200009dc                _edata = ALIGN (., 0x4)
                0x1000990c                __load_data = LOADADDR (.data)

.igot.plt       0x200009dc        0x0 load address 0x1000a2e8
 .igot.plt      0x200009dc        0x0 c:/maximsdk/tools/gnutools/10.3/bin/../lib/gcc/arm-none-eabi/10.3.1/thumb/v7e-m+fp/softfp/crtbegin.o

.pal_nvm_db     0x10100000        0x0
                0x10100000                . = ALIGN (0x2000)
                0x10100000                __pal_nvm_db_start__ = .
                0x10100000                . = (. + _PAL_NVM_SIZE)
                0x10100000                __pal_nvm_db_end__ = .

.otp            0x20000000        0x0
                0x20000000                _otp = ALIGN (., 0x4)
 *(.otp*)
                0x20000000                _eotp = ALIGN (., 0x4)

.arm_shared     0x20000000        0x0
                0x20000000                _arm_shared = ALIGN (., 0x4)
 *(.arm_shared*)
                0x20000000                _earm_shared = ALIGN (., 0x4)

.sdma_shared    0x20000000        0x0
                0x20000000                _sdma_shared = ALIGN (., 0x4)
 *(.sdma_shared*)
                0x20000000                _esdma_shared = ALIGN (., 0x4)

.sdma_code      0x20000000        0x0 load address 0x1000a2e8
                0x20000000                _sdma_code = ALIGN (., 0x4)
 *(.sdma_code*)
                0x20000000                _esdma_code = ALIGN (., 0x4)
                0x1000a2e8                __load_sdma_code = LOADADDR (.sdma_code)

.sdma_data      0x20000000        0x0 load address 0x1000a2e8
                0x20000000                _sdma_data = ALIGN (., 0x4)
 *(.sdma_data*)
                0x20000000                _esdma_data = ALIGN (., 0x4)
                0x1000a2e8                __load_sdma_data = LOADADDR (.sdma_data)

.bss            0x20000a00      0x60c
                0x20000a00                . = ALIGN (0x4)
                0x20000a00                _bss = .
 *(.bss*)
 .bss           0x20000a00       0x1c c:/maximsdk/tools/gnutools/10.3/bin/../lib/gcc/arm-none-eabi/10.3.1/thumb/v7e-m+fp/softfp/crtbegin.o
 .bss.Buffer    0x20000a1c        0x8 c:/Users/mkurt2/Desktop/UART/build/main.o
                0x20000a1c                Buffer
 .bss.crc8_table
                0x20000a24      0x100 c:/Users/mkurt2/Desktop/UART/build/main.o
                0x20000a24                crc8_table
 .bss.current_state
                0x20000b24        0x4 c:/Users/mkurt2/Desktop/UART/build/main.o
                0x20000b24                current_state
 .bss.packetsent
                0x20000b28        0x4 c:/Users/mkurt2/Desktop/UART/build/main.o
                0x20000b28                packetsent
 .bss.rx_buff_write_idx
                0x20000b2c        0x4 c:/Users/mkurt2/Desktop/UART/build/main.o
                0x20000b2c                rx_buff_write_idx
 .bss.subBuffer
                0x20000b30        0x7 c:/Users/mkurt2/Desktop/UART/build/main.o
                0x20000b30                subBuffer
 *fill*         0x20000b37        0x1 
 .bss.timeout   0x20000b38        0x4 c:/Users/mkurt2/Desktop/UART/build/main.o
                0x20000b38                timeout
 .bss.timeout_counter
                0x20000b3c        0x4 c:/Users/mkurt2/Desktop/UART/build/main.o
                0x20000b3c                timeout_counter
 .bss.trim_value
                0x20000b40        0x4 c:/Users/mkurt2/Desktop/UART/build/main.o
                0x20000b40                trim_value
 .bss.g_cfg     0x20000b44       0x10 c:/Users/mkurt2/Desktop/UART/build/mx25.o
 .bss.g_is_configured
                0x20000b54        0x1 c:/Users/mkurt2/Desktop/UART/build/mx25.o
 *fill*         0x20000b55        0x3 
 .bss.heap_end  0x20000b58        0x4 c:/Users/mkurt2/Desktop/UART/build/heap.o
 .bss.cbFunc    0x20000b5c        0x4 C:/MaximSDK/Libraries/PeriphDrivers/bin/MAX32665/softfp/libPeriphDriver_softfp.a(mxc_delay.o)
 .bss.ctrl_save
                0x20000b60        0x4 C:/MaximSDK/Libraries/PeriphDrivers/bin/MAX32665/softfp/libPeriphDriver_softfp.a(mxc_delay.o)
 .bss.endtick   0x20000b64        0x4 C:/MaximSDK/Libraries/PeriphDrivers/bin/MAX32665/softfp/libPeriphDriver_softfp.a(mxc_delay.o)
 *fill*         0x20000b68       0x98 
 .bss.ramVectorTable
                0x20000c00      0x1bc C:/MaximSDK/Libraries/PeriphDrivers/bin/MAX32665/softfp/libPeriphDriver_softfp.a(nvic_table.o)
 .bss.states    0x20000dbc        0x8 C:/MaximSDK/Libraries/PeriphDrivers/bin/MAX32665/softfp/libPeriphDriver_softfp.a(spixf_reva.o)
 .bss.callback  0x20000dc4      0x100 C:/MaximSDK/Libraries/PeriphDrivers/bin/MAX32665/softfp/libPeriphDriver_softfp.a(gpio_common.o)
 .bss.cbparam   0x20000ec4      0x100 C:/MaximSDK/Libraries/PeriphDrivers/bin/MAX32665/softfp/libPeriphDriver_softfp.a(gpio_common.o)
 .bss.__lock___atexit_recursive_mutex
                0x20000fc4        0x1 c:/maximsdk/tools/gnutools/10.3/bin/../lib/gcc/arm-none-eabi/10.3.1/../../../../arm-none-eabi/lib/thumb/v7e-m+fp/softfp\libc.a(lib_a-lock.o)
                0x20000fc4                __lock___atexit_recursive_mutex
 *fill*         0x20000fc5        0x3 
 .bss.__lock___malloc_recursive_mutex
                0x20000fc8        0x1 c:/maximsdk/tools/gnutools/10.3/bin/../lib/gcc/arm-none-eabi/10.3.1/../../../../arm-none-eabi/lib/thumb/v7e-m+fp/softfp\libc.a(lib_a-lock.o)
                0x20000fc8                __lock___malloc_recursive_mutex
 *fill*         0x20000fc9        0x3 
 .bss.__lock___sfp_recursive_mutex
                0x20000fcc        0x1 c:/maximsdk/tools/gnutools/10.3/bin/../lib/gcc/arm-none-eabi/10.3.1/../../../../arm-none-eabi/lib/thumb/v7e-m+fp/softfp\libc.a(lib_a-lock.o)
                0x20000fcc                __lock___sfp_recursive_mutex
 *fill*         0x20000fcd        0x3 
 .bss.__lock___sinit_recursive_mutex
                0x20000fd0        0x1 c:/maximsdk/tools/gnutools/10.3/bin/../lib/gcc/arm-none-eabi/10.3.1/../../../../arm-none-eabi/lib/thumb/v7e-m+fp/softfp\libc.a(lib_a-lock.o)
                0x20000fd0                __lock___sinit_recursive_mutex
 *fill*         0x20000fd1        0x3 
 .bss.__malloc_current_mallinfo
                0x20000fd4       0x28 c:/maximsdk/tools/gnutools/10.3/bin/../lib/gcc/arm-none-eabi/10.3.1/../../../../arm-none-eabi/lib/thumb/v7e-m+fp/softfp\libc.a(lib_a-mallocr.o)
                0x20000fd4                __malloc_current_mallinfo
 .bss.__malloc_max_sbrked_mem
                0x20000ffc        0x4 c:/maximsdk/tools/gnutools/10.3/bin/../lib/gcc/arm-none-eabi/10.3.1/../../../../arm-none-eabi/lib/thumb/v7e-m+fp/softfp\libc.a(lib_a-mallocr.o)
                0x20000ffc                __malloc_max_sbrked_mem
 .bss.__malloc_max_total_mem
                0x20001000        0x4 c:/maximsdk/tools/gnutools/10.3/bin/../lib/gcc/arm-none-eabi/10.3.1/../../../../arm-none-eabi/lib/thumb/v7e-m+fp/softfp\libc.a(lib_a-mallocr.o)
                0x20001000                __malloc_max_total_mem
 .bss.__malloc_top_pad
                0x20001004        0x4 c:/maximsdk/tools/gnutools/10.3/bin/../lib/gcc/arm-none-eabi/10.3.1/../../../../arm-none-eabi/lib/thumb/v7e-m+fp/softfp\libc.a(lib_a-mallocr.o)
                0x20001004                __malloc_top_pad
 .bss.errno     0x20001008        0x4 c:/maximsdk/tools/gnutools/10.3/bin/../lib/gcc/arm-none-eabi/10.3.1/../../../../arm-none-eabi/lib/thumb/v7e-m+fp/softfp\libc.a(lib_a-reent.o)
                0x20001008                errno
 *(COMMON)
                0x2000100c                _ebss = ALIGN (., 0x4)
                0x2008c000                __StackTop_Core1 = (ORIGIN (SRAM) + LENGTH (SRAM))
                0x2008c000                __StackLimit_Core1 = DEFINED (Stack_Size_Core1)?(__StackTop_Core1 - Stack_Size_Core1):__StackTop_Core1
                0x2008c000                __StackTop = DEFINED (Stack_Size_Core1)?__StackLimit_Core1:(ORIGIN (SRAM) + LENGTH (SRAM))
                0x2008b000                __StackLimit = (__StackTop - Stack_Size)

.heap           0x20001010      0xc00
                0x20001010                . = ALIGN (0x4)
 *(.heap*)
 .heap          0x20001010      0xc00 c:/Users/mkurt2/Desktop/UART/build/startup_max32665.o
                0x20001010                __HeapBase
                0x2008b000                __HeapLimit = ABSOLUTE (__StackLimit)
                0x2008c000                PROVIDE (__stack = __StackTop)
                0x00000001                ASSERT ((__StackLimit >= _ebss), region RAM overflowed with stack)
OUTPUT(c:/Users/mkurt2/Desktop/UART/build/UART.elf elf32-littlearm)
LOAD linker stubs

.ARM.attributes
                0x00000000       0x2e
 .ARM.attributes
                0x00000000       0x1e c:/maximsdk/tools/gnutools/10.3/bin/../lib/gcc/arm-none-eabi/10.3.1/thumb/v7e-m+fp/softfp/crti.o
 .ARM.attributes
                0x0000001e       0x32 c:/maximsdk/tools/gnutools/10.3/bin/../lib/gcc/arm-none-eabi/10.3.1/thumb/v7e-m+fp/softfp/crtbegin.o
 .ARM.attributes
                0x00000050       0x32 c:/Users/mkurt2/Desktop/UART/build/main.o
 .ARM.attributes
                0x00000082       0x32 c:/Users/mkurt2/Desktop/UART/build/board.o
 .ARM.attributes
                0x000000b4       0x32 c:/Users/mkurt2/Desktop/UART/build/stdio.o
 .ARM.attributes
                0x000000e6       0x32 c:/Users/mkurt2/Desktop/UART/build/led.o
 .ARM.attributes
                0x00000118       0x32 c:/Users/mkurt2/Desktop/UART/build/mx25.o
 .ARM.attributes
                0x0000014a       0x32 c:/Users/mkurt2/Desktop/UART/build/pb.o
 .ARM.attributes
                0x0000017c       0x1b c:/Users/mkurt2/Desktop/UART/build/startup_max32665.o
 .ARM.attributes
                0x00000197       0x32 c:/Users/mkurt2/Desktop/UART/build/heap.o
 .ARM.attributes
                0x000001c9       0x32 c:/Users/mkurt2/Desktop/UART/build/system_max32665.o
 .ARM.attributes
                0x000001fb       0x32 C:/MaximSDK/Libraries/PeriphDrivers/bin/MAX32665/softfp/libPeriphDriver_softfp.a(mxc_delay.o)
 .ARM.attributes
                0x0000022d       0x32 C:/MaximSDK/Libraries/PeriphDrivers/bin/MAX32665/softfp/libPeriphDriver_softfp.a(nvic_table.o)
 .ARM.attributes
                0x0000025f       0x32 C:/MaximSDK/Libraries/PeriphDrivers/bin/MAX32665/softfp/libPeriphDriver_softfp.a(sys_me14.o)
 .ARM.attributes
                0x00000291       0x32 C:/MaximSDK/Libraries/PeriphDrivers/bin/MAX32665/softfp/libPeriphDriver_softfp.a(gpio_me14.o)
 .ARM.attributes
                0x000002c3       0x32 C:/MaximSDK/Libraries/PeriphDrivers/bin/MAX32665/softfp/libPeriphDriver_softfp.a(gpio_reva.o)
 .ARM.attributes
                0x000002f5       0x32 C:/MaximSDK/Libraries/PeriphDrivers/bin/MAX32665/softfp/libPeriphDriver_softfp.a(rtc_me14.o)
 .ARM.attributes
                0x00000327       0x32 C:/MaximSDK/Libraries/PeriphDrivers/bin/MAX32665/softfp/libPeriphDriver_softfp.a(rtc_reva.o)
 .ARM.attributes
                0x00000359       0x32 C:/MaximSDK/Libraries/PeriphDrivers/bin/MAX32665/softfp/libPeriphDriver_softfp.a(spixf_me14.o)
 .ARM.attributes
                0x0000038b       0x32 C:/MaximSDK/Libraries/PeriphDrivers/bin/MAX32665/softfp/libPeriphDriver_softfp.a(spixf_reva.o)
 .ARM.attributes
                0x000003bd       0x32 C:/MaximSDK/Libraries/PeriphDrivers/bin/MAX32665/softfp/libPeriphDriver_softfp.a(uart_me14.o)
 .ARM.attributes
                0x000003ef       0x32 C:/MaximSDK/Libraries/PeriphDrivers/bin/MAX32665/softfp/libPeriphDriver_softfp.a(uart_reva.o)
 .ARM.attributes
                0x00000421       0x32 C:/MaximSDK/Libraries/PeriphDrivers/bin/MAX32665/softfp/libPeriphDriver_softfp.a(mxc_lock.o)
 .ARM.attributes
                0x00000453       0x32 C:/MaximSDK/Libraries/PeriphDrivers/bin/MAX32665/softfp/libPeriphDriver_softfp.a(pins_me14.o)
 .ARM.attributes
                0x00000485       0x32 C:/MaximSDK/Libraries/PeriphDrivers/bin/MAX32665/softfp/libPeriphDriver_softfp.a(gpio_common.o)
 .ARM.attributes
                0x000004b7       0x32 C:/MaximSDK/Libraries/PeriphDrivers/bin/MAX32665/softfp/libPeriphDriver_softfp.a(uart_common.o)
 .ARM.attributes
                0x000004e9       0x32 c:/maximsdk/tools/gnutools/10.3/bin/../lib/gcc/arm-none-eabi/10.3.1/../../../../arm-none-eabi/lib/thumb/v7e-m+fp/softfp\libc.a(lib_a-errno.o)
 .ARM.attributes
                0x0000051b       0x32 c:/maximsdk/tools/gnutools/10.3/bin/../lib/gcc/arm-none-eabi/10.3.1/../../../../arm-none-eabi/lib/thumb/v7e-m+fp/softfp\libc.a(lib_a-impure.o)
 .ARM.attributes
                0x0000054d       0x32 c:/maximsdk/tools/gnutools/10.3/bin/../lib/gcc/arm-none-eabi/10.3.1/../../../../arm-none-eabi/lib/thumb/v7e-m+fp/softfp\libc.a(lib_a-init.o)
 .ARM.attributes
                0x0000057f       0x32 c:/maximsdk/tools/gnutools/10.3/bin/../lib/gcc/arm-none-eabi/10.3.1/../../../../arm-none-eabi/lib/thumb/v7e-m+fp/softfp\libc.a(lib_a-memcmp.o)
 .ARM.attributes
                0x000005b1       0x1c c:/maximsdk/tools/gnutools/10.3/bin/../lib/gcc/arm-none-eabi/10.3.1/../../../../arm-none-eabi/lib/thumb/v7e-m+fp/softfp\libc.a(lib_a-memcpy.o)
 .ARM.attributes
                0x000005cd       0x32 c:/maximsdk/tools/gnutools/10.3/bin/../lib/gcc/arm-none-eabi/10.3.1/../../../../arm-none-eabi/lib/thumb/v7e-m+fp/softfp\libc.a(lib_a-memset.o)
 .ARM.attributes
                0x000005ff       0x32 c:/maximsdk/tools/gnutools/10.3/bin/../lib/gcc/arm-none-eabi/10.3.1/../../../../arm-none-eabi/lib/thumb/v7e-m+fp/softfp\libc.a(lib_a-printf.o)
 .ARM.attributes
                0x00000631       0x32 c:/maximsdk/tools/gnutools/10.3/bin/../lib/gcc/arm-none-eabi/10.3.1/../../../../arm-none-eabi/lib/thumb/v7e-m+fp/softfp\libc.a(lib_a-puts.o)
 .ARM.attributes
                0x00000663       0x1c c:/maximsdk/tools/gnutools/10.3/bin/../lib/gcc/arm-none-eabi/10.3.1/../../../../arm-none-eabi/lib/thumb/v7e-m+fp/softfp\libc.a(lib_a-strlen.o)
 .ARM.attributes
                0x0000067f       0x32 c:/maximsdk/tools/gnutools/10.3/bin/../lib/gcc/arm-none-eabi/10.3.1/../../../../arm-none-eabi/lib/thumb/v7e-m+fp/softfp\libc.a(lib_a-vfprintf.o)
 .ARM.attributes
                0x000006b1       0x32 c:/maximsdk/tools/gnutools/10.3/bin/../lib/gcc/arm-none-eabi/10.3.1/../../../../arm-none-eabi/lib/thumb/v7e-m+fp/softfp\libc.a(lib_a-wsetup.o)
 .ARM.attributes
                0x000006e3       0x32 c:/maximsdk/tools/gnutools/10.3/bin/../lib/gcc/arm-none-eabi/10.3.1/../../../../arm-none-eabi/lib/thumb/v7e-m+fp/softfp\libc.a(lib_a-__call_atexit.o)
 .ARM.attributes
                0x00000715       0x32 c:/maximsdk/tools/gnutools/10.3/bin/../lib/gcc/arm-none-eabi/10.3.1/../../../../arm-none-eabi/lib/thumb/v7e-m+fp/softfp\libc.a(lib_a-atexit.o)
 .ARM.attributes
                0x00000747       0x32 c:/maximsdk/tools/gnutools/10.3/bin/../lib/gcc/arm-none-eabi/10.3.1/../../../../arm-none-eabi/lib/thumb/v7e-m+fp/softfp\libc.a(lib_a-dtoa.o)
 .ARM.attributes
                0x00000779       0x32 c:/maximsdk/tools/gnutools/10.3/bin/../lib/gcc/arm-none-eabi/10.3.1/../../../../arm-none-eabi/lib/thumb/v7e-m+fp/softfp\libc.a(lib_a-fflush.o)
 .ARM.attributes
                0x000007ab       0x32 c:/maximsdk/tools/gnutools/10.3/bin/../lib/gcc/arm-none-eabi/10.3.1/../../../../arm-none-eabi/lib/thumb/v7e-m+fp/softfp\libc.a(lib_a-findfp.o)
 .ARM.attributes
                0x000007dd       0x32 c:/maximsdk/tools/gnutools/10.3/bin/../lib/gcc/arm-none-eabi/10.3.1/../../../../arm-none-eabi/lib/thumb/v7e-m+fp/softfp\libc.a(lib_a-fini.o)
 .ARM.attributes
                0x0000080f       0x32 c:/maximsdk/tools/gnutools/10.3/bin/../lib/gcc/arm-none-eabi/10.3.1/../../../../arm-none-eabi/lib/thumb/v7e-m+fp/softfp\libc.a(lib_a-freer.o)
 .ARM.attributes
                0x00000841       0x32 c:/maximsdk/tools/gnutools/10.3/bin/../lib/gcc/arm-none-eabi/10.3.1/../../../../arm-none-eabi/lib/thumb/v7e-m+fp/softfp\libc.a(lib_a-fvwrite.o)
 .ARM.attributes
                0x00000873       0x32 c:/maximsdk/tools/gnutools/10.3/bin/../lib/gcc/arm-none-eabi/10.3.1/../../../../arm-none-eabi/lib/thumb/v7e-m+fp/softfp\libc.a(lib_a-fwalk.o)
 .ARM.attributes
                0x000008a5       0x32 c:/maximsdk/tools/gnutools/10.3/bin/../lib/gcc/arm-none-eabi/10.3.1/../../../../arm-none-eabi/lib/thumb/v7e-m+fp/softfp\libc.a(lib_a-localeconv.o)
 .ARM.attributes